<html>
<body>
<pre>
<h1>µVision Build Log</h1>
<h2>Tool Versions:</h2>
IDE-Version: ¦ÌVision V5.21.1.0
Copyright (C) 2016 ARM Ltd and ARM Germany GmbH. All rights reserved.
License Information: hq Microsoft, Microsoft, LIC=FYKYW-QGMVJ-01RP1-CN72W-EMB3N-D69AJ
 
Tool Versions:
Toolchain:       MDK-ARM Plus  Version: 5.21a
Toolchain Path:  D:\soft\Keil\ARM\ARMCC\Bin
C Compiler:      Armcc.exe V5.06 update 3 (build 300)
Assembler:       Armasm.exe V5.06 update 3 (build 300)
Linker/Locator:  ArmLink.exe V5.06 update 3 (build 300)
Library Manager: ArmAr.exe V5.06 update 3 (build 300)
Hex Converter:   FromElf.exe V5.06 update 3 (build 300)
CPU DLL:         SARMCM3.DLL V5.21a
Dialog DLL:      DCM.DLL V1.13.8.0
Target DLL:      STLink\ST-LINKIII-KEIL_SWO.dll V2.0.18.0
Dialog DLL:      TCM.DLL V1.14.14.0
 
<h2>Project:</h2>
C:\Users\jx\Desktop\fiv\MDK-ARM\fiv.uvprojx
Project File Date:  10/12/2023

<h2>Output:</h2>
*** Using Compiler 'V5.06 update 3 (build 300)', folder: 'D:\soft\Keil\ARM\ARMCC\Bin'
Build target 'fiv'
compiling list.c...
compiling heap_4.c...
compiling port.c...
compiling event_groups.c...
compiling queue.c...
compiling timers.c...
compiling cmsis_os.c...
compiling croutine.c...
compiling tasks.c...
compiling stm32f4xx_hal_gpio.c...
compiling stm32f4xx_hal_dma.c...
compiling system_stm32f4xx.c...
compiling stm32f4xx_hal_flash.c...
compiling stm32f4xx_hal_cortex.c...
compiling stm32f4xx_hal_tim_ex.c...
compiling stm32f4xx_hal_pwr.c...
compiling stm32f4xx_hal_tim.c...
compiling stm32f4xx_hal_rcc_ex.c...
compiling stm32f4xx_hal_flash_ramfunc.c...
compiling stm32f4xx_hal_sram.c...
compiling stm32f4xx_hal.c...
compiling stm32f4xx_hal_spi.c...
compiling stm32f4xx_hal_dma_ex.c...
compiling stm32f4xx_ll_fsmc.c...
compiling stm32f4xx_hal_pwr_ex.c...
compiling freertos.c...
compiling stm32f4xx_hal_msp.c...
compiling stm32f4xx_hal_uart.c...
compiling stm32f4xx_hal_rcc.c...
compiling stm32f4xx_hal_flash_ex.c...
compiling main.c...
compiling fsmc.c...
compiling spi.c...
compiling usart.c...
compiling gpio.c...
assembling startup_stm32f407xx.s...
compiling stm32f4xx_it.c...
compiling menu.c...
..\Src\menu.c(35): warning:  #167-D: argument of type "char *" is incompatible with parameter of type "uint8_t *"
              LCD_ShowString(center_x[i], center_y[j], menu[i * 2 + j], 
lack, color);
..\Src\menu.c: 1 warning, 0 errors
compiling lcd.c...
..\Src\lcd.c(77): warning:  #177-D: function "lcd_data_bus_test" was declared but never referenced
  static void lcd_data_bus_test(void) {
..\Src\lcd.c: 1 warning, 0 errors
compiling Touch.c...
linking...
Program Size: Code=11472 RO-data=4172 RW-data=208 ZI-data=16880  
"fiv\fiv.axf" - 0 Error(s), 2 Warning(s).

<h2>Software Packages used:</h2>

Package Vendor: ARM
                http://www.keil.com/pack/ARM.CMSIS.4.5.0.pack
                ARM::CMSIS:CORE:4.3.0
                CMSIS (Cortex Microcontroller Software Interface Standard)
   * Component: CORE Version: 4.3.0

<h2>Collection of Component include folders:</h2>
  C:\Users\jx\Desktop\fiv\MDK-ARM\RTE
  D:\soft\Keil\ARM\PACK\ARM\CMSIS\4.5.0\CMSIS\Include
  D:\soft\Keil\ARM\PACK\Keil\STM32F4xx_DFP\2.7.0\Drivers\CMSIS\Device\ST\STM32F4xx\Include

<h2>Collection of Component Files used:</h2>

   * Component: ARM::CMSIS:CORE:4.3.0
Build Time Elapsed:  00:00:15
</pre>
</body>
</html>
