<html>
<body>
<pre>
<h1>µVision Build Log</h1>
<h2>Tool Versions:</h2>
IDE-Version: ¦ÌVision V5.24.2.0
Copyright (C) 2017 ARM Ltd and ARM Germany GmbH. All rights reserved.
License Information: f iv, 0, LIC=KRMW3-AKSKT-45RT5-GNFWX-S64JB-8LQEK
 
Tool Versions:
Toolchain:       MDK-ARM Plus  Version: 5.24.1
Toolchain Path:  X:\MySetup\Keil_v5\ARM\ARMCC\Bin
C Compiler:      Armcc.exe V5.06 update 5 (build 528)
Assembler:       Armasm.exe V5.06 update 5 (build 528)
Linker/Locator:  ArmLink.exe V5.06 update 5 (build 528)
Library Manager: ArmAr.exe V5.06 update 5 (build 528)
Hex Converter:   FromElf.exe V5.06 update 5 (build 528)
CPU DLL:         SARMCM3.DLL V5.24.1
Dialog DLL:      DCM.DLL V1.16.0.0
Target DLL:      STLink\ST-LINKIII-KEIL_SWO.dll V3.0.1.0
Dialog DLL:      TCM.DLL V1.32.0.0
 
<h2>Project:</h2>
D:\MyStm\10-2 MPU6050_hard\Project.uvprojx
Project File Date:  09/11/2023

<h2>Output:</h2>
*** Using Compiler 'V5.06 update 5 (build 528)', folder: 'X:\MySetup\Keil_v5\ARM\ARMCC\Bin'
Build target 'Target 1'
compiling MPU6050.c...
.\Start\stm32f10x.h(52): warning:  #47-D: incompatible redefinition of macro "STM32F10X_MD" 
  #define STM32F10X_MD
Hardware\MPU6050.h(11): warning:  #1295-D: Deprecated declaration MPU6050_Init - give arg types
  void MPU6050_Init();
Hardware\MyI2C.h(10): warning:  #1295-D: Deprecated declaration MyI2C_Init - give arg types
  void MyI2C_Init();
Hardware\MyI2C.h(16): warning:  #1295-D: Deprecated declaration MyI2C_R_SDA - give arg types
  uint8_t MyI2C_R_SDA();
Hardware\MyI2C.h(18): warning:  #1295-D: Deprecated declaration MyI2C_Start - give arg types
  void MyI2C_Start();
Hardware\MyI2C.h(20): warning:  #1295-D: Deprecated declaration MyI2C_Stop - give arg types
  void MyI2C_Stop();
Hardware\MyI2C.h(26): warning:  #1295-D: Deprecated declaration MyI2C_ReceiveByte - give arg types
  uint8_t MyI2C_ReceiveByte();
Hardware\MyI2C.h(28): warning:  #1295-D: Deprecated declaration MyI2C_ReceiveACK - give arg types
  uint8_t MyI2C_ReceiveACK();
Hardware\MPU6050.c: 8 warnings, 0 errors
linking...
Program Size: Code=2484 RO-data=1788 RW-data=12 ZI-data=1636  
".\Objects\Project.axf" - 0 Error(s), 8 Warning(s).

<h2>Software Packages used:</h2>

Package Vendor: Keil
                http://www.keil.com/pack/Keil.STM32F1xx_DFP.2.2.0.pack
                Keil.STM32F1xx_DFP.2.2.0
                STMicroelectronics STM32F1 Series Device Support, Drivers and Examples

<h2>Collection of Component include folders:</h2>
  .\RTE\_Target_1
  X:\MySetup\Keil_v5\Arm\Packs\Keil\STM32F1xx_DFP\2.2.0\Device\Include

<h2>Collection of Component Files used:</h2>
Build Time Elapsed:  00:00:01
</pre>
</body>
</html>
