Archive member included to satisfy reference by file (symbol)

d:/myconfigure/gcc-arm-none-eabi/bin/../lib/gcc/arm-none-eabi/10.3.1/../../../../arm-none-eabi/lib/thumb/v7-m/nofp\libg.a(lib_a-errno.o)
                              CMakeFiles/stm.elf.dir/Core/Src/syscalls.c.obj (__errno)
d:/myconfigure/gcc-arm-none-eabi/bin/../lib/gcc/arm-none-eabi/10.3.1/../../../../arm-none-eabi/lib/thumb/v7-m/nofp\libg.a(lib_a-exit.o)
                              d:/myconfigure/gcc-arm-none-eabi/bin/../lib/gcc/arm-none-eabi/10.3.1/../../../../arm-none-eabi/lib/thumb/v7-m/nofp/crt0.o (exit)
d:/myconfigure/gcc-arm-none-eabi/bin/../lib/gcc/arm-none-eabi/10.3.1/../../../../arm-none-eabi/lib/thumb/v7-m/nofp\libg.a(lib_a-impure.o)
                              d:/myconfigure/gcc-arm-none-eabi/bin/../lib/gcc/arm-none-eabi/10.3.1/../../../../arm-none-eabi/lib/thumb/v7-m/nofp\libg.a(lib_a-exit.o) (_global_impure_ptr)
d:/myconfigure/gcc-arm-none-eabi/bin/../lib/gcc/arm-none-eabi/10.3.1/../../../../arm-none-eabi/lib/thumb/v7-m/nofp\libg.a(lib_a-init.o)
                              d:/myconfigure/gcc-arm-none-eabi/bin/../lib/gcc/arm-none-eabi/10.3.1/../../../../arm-none-eabi/lib/thumb/v7-m/nofp/crt0.o (__libc_init_array)
d:/myconfigure/gcc-arm-none-eabi/bin/../lib/gcc/arm-none-eabi/10.3.1/../../../../arm-none-eabi/lib/thumb/v7-m/nofp\libg.a(lib_a-memset.o)
                              d:/myconfigure/gcc-arm-none-eabi/bin/../lib/gcc/arm-none-eabi/10.3.1/../../../../arm-none-eabi/lib/thumb/v7-m/nofp/crt0.o (memset)
d:/myconfigure/gcc-arm-none-eabi/bin/../lib/gcc/arm-none-eabi/10.3.1/../../../../arm-none-eabi/lib/thumb/v7-m/nofp\libg.a(lib_a-__call_atexit.o)
                              d:/myconfigure/gcc-arm-none-eabi/bin/../lib/gcc/arm-none-eabi/10.3.1/../../../../arm-none-eabi/lib/thumb/v7-m/nofp\libg.a(lib_a-exit.o) (__call_exitprocs)
d:/myconfigure/gcc-arm-none-eabi/bin/../lib/gcc/arm-none-eabi/10.3.1/../../../../arm-none-eabi/lib/thumb/v7-m/nofp\libg.a(lib_a-atexit.o)
                              d:/myconfigure/gcc-arm-none-eabi/bin/../lib/gcc/arm-none-eabi/10.3.1/../../../../arm-none-eabi/lib/thumb/v7-m/nofp\libg.a(lib_a-__call_atexit.o) (atexit)
d:/myconfigure/gcc-arm-none-eabi/bin/../lib/gcc/arm-none-eabi/10.3.1/../../../../arm-none-eabi/lib/thumb/v7-m/nofp\libg.a(lib_a-fini.o)
                              d:/myconfigure/gcc-arm-none-eabi/bin/../lib/gcc/arm-none-eabi/10.3.1/../../../../arm-none-eabi/lib/thumb/v7-m/nofp\libg.a(lib_a-__call_atexit.o) (__libc_fini_array)
d:/myconfigure/gcc-arm-none-eabi/bin/../lib/gcc/arm-none-eabi/10.3.1/../../../../arm-none-eabi/lib/thumb/v7-m/nofp\libg.a(lib_a-lock.o)
                              d:/myconfigure/gcc-arm-none-eabi/bin/../lib/gcc/arm-none-eabi/10.3.1/../../../../arm-none-eabi/lib/thumb/v7-m/nofp\libg.a(lib_a-__call_atexit.o) (__retarget_lock_acquire_recursive)
d:/myconfigure/gcc-arm-none-eabi/bin/../lib/gcc/arm-none-eabi/10.3.1/../../../../arm-none-eabi/lib/thumb/v7-m/nofp\libg.a(lib_a-__atexit.o)
                              d:/myconfigure/gcc-arm-none-eabi/bin/../lib/gcc/arm-none-eabi/10.3.1/../../../../arm-none-eabi/lib/thumb/v7-m/nofp\libg.a(lib_a-atexit.o) (__register_exitproc)

Discarded input sections

 .text          0x00000000        0x0 d:/myconfigure/gcc-arm-none-eabi/bin/../lib/gcc/arm-none-eabi/10.3.1/thumb/v7-m/nofp/crti.o
 .data          0x00000000        0x0 d:/myconfigure/gcc-arm-none-eabi/bin/../lib/gcc/arm-none-eabi/10.3.1/thumb/v7-m/nofp/crti.o
 .bss           0x00000000        0x0 d:/myconfigure/gcc-arm-none-eabi/bin/../lib/gcc/arm-none-eabi/10.3.1/thumb/v7-m/nofp/crti.o
 .data          0x00000000        0x4 d:/myconfigure/gcc-arm-none-eabi/bin/../lib/gcc/arm-none-eabi/10.3.1/thumb/v7-m/nofp/crtbegin.o
 .rodata        0x00000000       0x24 d:/myconfigure/gcc-arm-none-eabi/bin/../lib/gcc/arm-none-eabi/10.3.1/thumb/v7-m/nofp/crtbegin.o
 .text          0x00000000       0x7c d:/myconfigure/gcc-arm-none-eabi/bin/../lib/gcc/arm-none-eabi/10.3.1/../../../../arm-none-eabi/lib/thumb/v7-m/nofp/crt0.o
 .data          0x00000000        0x0 d:/myconfigure/gcc-arm-none-eabi/bin/../lib/gcc/arm-none-eabi/10.3.1/../../../../arm-none-eabi/lib/thumb/v7-m/nofp/crt0.o
 .bss           0x00000000        0x0 d:/myconfigure/gcc-arm-none-eabi/bin/../lib/gcc/arm-none-eabi/10.3.1/../../../../arm-none-eabi/lib/thumb/v7-m/nofp/crt0.o
 .ARM.extab     0x00000000        0x0 d:/myconfigure/gcc-arm-none-eabi/bin/../lib/gcc/arm-none-eabi/10.3.1/../../../../arm-none-eabi/lib/thumb/v7-m/nofp/crt0.o
 .ARM.exidx     0x00000000       0x10 d:/myconfigure/gcc-arm-none-eabi/bin/../lib/gcc/arm-none-eabi/10.3.1/../../../../arm-none-eabi/lib/thumb/v7-m/nofp/crt0.o
 .ARM.attributes
                0x00000000       0x1b d:/myconfigure/gcc-arm-none-eabi/bin/../lib/gcc/arm-none-eabi/10.3.1/../../../../arm-none-eabi/lib/thumb/v7-m/nofp/crt0.o
 .text          0x00000000        0x0 CMakeFiles/stm.elf.dir/Core/Src/Delay.c.obj
 .data          0x00000000        0x0 CMakeFiles/stm.elf.dir/Core/Src/Delay.c.obj
[...]
Memory Configuration

Name             Origin             Length             Attributes
RAM              0x20000000         0x00005000         xrw
FLASH            0x08000000         0x00010000         xr
*default*        0x00000000         0xffffffff

Linker script and memory map

LOAD d:/myconfigure/gcc-arm-none-eabi/bin/../lib/gcc/arm-none-eabi/10.3.1/thumb/v7-m/nofp/crti.o
LOAD d:/myconfigure/gcc-arm-none-eabi/bin/../lib/gcc/arm-none-eabi/10.3.1/thumb/v7-m/nofp/crtbegin.o
LOAD d:/myconfigure/gcc-arm-none-eabi/bin/../lib/gcc/arm-none-eabi/10.3.1/../../../../arm-none-eabi/lib/thumb/v7-m/nofp/crt0.o
LOAD CMakeFiles/stm.elf.dir/Core/Src/Delay.c.obj
LOAD CMakeFiles/stm.elf.dir/Core/Src/OLED.c.obj
LOAD CMakeFiles/stm.elf.dir/Core/Src/main.c.obj
LOAD CMakeFiles/stm.elf.dir/Core/Src/stm32f1xx_hal_msp.c.obj
LOAD CMakeFiles/stm.elf.dir/Core/Src/stm32f1xx_it.c.obj
LOAD CMakeFiles/stm.elf.dir/Core/Src/syscalls.c.obj
LOAD CMakeFiles/stm.elf.dir/Core/Src/sysmem.c.obj
LOAD CMakeFiles/stm.elf.dir/Core/Src/system_stm32f1xx.c.obj
LOAD CMakeFiles/stm.elf.dir/Core/Startup/startup_stm32f103c8tx.s.obj
LOAD CMakeFiles/stm.elf.dir/Drivers/STM32F1xx_HAL_Driver/Src/stm32f1xx_hal.c.obj
LOAD CMakeFiles/stm.elf.dir/Drivers/STM32F1xx_HAL_Driver/Src/stm32f1xx_hal_adc.c.obj
LOAD CMakeFiles/stm.elf.dir/Drivers/STM32F1xx_HAL_Driver/Src/stm32f1xx_hal_adc_ex.c.obj
LOAD CMakeFiles/stm.elf.dir/Drivers/STM32F1xx_HAL_Driver/Src/stm32f1xx_hal_cortex.c.obj
LOAD CMakeFiles/stm.elf.dir/Drivers/STM32F1xx_HAL_Driver/Src/stm32f1xx_hal_dma.c.obj
LOAD CMakeFiles/stm.elf.dir/Drivers/STM32F1xx_HAL_Driver/Src/stm32f1xx_hal_exti.c.obj
LOAD CMakeFiles/stm.elf.dir/Drivers/STM32F1xx_HAL_Driver/Src/stm32f1xx_hal_flash.c.obj
LOAD CMakeFiles/stm.elf.dir/Drivers/STM32F1xx_HAL_Driver/Src/stm32f1xx_hal_flash_ex.c.obj
LOAD CMakeFiles/stm.elf.dir/Drivers/STM32F1xx_HAL_Driver/Src/stm32f1xx_hal_gpio.c.obj
LOAD CMakeFiles/stm.elf.dir/Drivers/STM32F1xx_HAL_Driver/Src/stm32f1xx_hal_gpio_ex.c.obj
LOAD CMakeFiles/stm.elf.dir/Drivers/STM32F1xx_HAL_Driver/Src/stm32f1xx_hal_pwr.c.obj
LOAD CMakeFiles/stm.elf.dir/Drivers/STM32F1xx_HAL_Driver/Src/stm32f1xx_hal_rcc.c.obj
LOAD CMakeFiles/stm.elf.dir/Drivers/STM32F1xx_HAL_Driver/Src/stm32f1xx_hal_rcc_ex.c.obj
LOAD CMakeFiles/stm.elf.dir/Drivers/STM32F1xx_HAL_Driver/Src/stm32f1xx_hal_tim.c.obj
LOAD CMakeFiles/stm.elf.dir/Drivers/STM32F1xx_HAL_Driver/Src/stm32f1xx_hal_tim_ex.c.obj
START GROUP
LOAD d:/myconfigure/gcc-arm-none-eabi/bin/../lib/gcc/arm-none-eabi/10.3.1/thumb/v7-m/nofp\libgcc.a
LOAD d:/myconfigure/gcc-arm-none-eabi/bin/../lib/gcc/arm-none-eabi/10.3.1/../../../../arm-none-eabi/lib/thumb/v7-m/nofp\libg.a
LOAD d:/myconfigure/gcc-arm-none-eabi/bin/../lib/gcc/arm-none-eabi/10.3.1/../../../../arm-none-eabi/lib/thumb/v7-m/nofp\libc.a
END GROUP
LOAD d:/myconfigure/gcc-arm-none-eabi/bin/../lib/gcc/arm-none-eabi/10.3.1/thumb/v7-m/nofp/crtend.o
LOAD d:/myconfigure/gcc-arm-none-eabi/bin/../lib/gcc/arm-none-eabi/10.3.1/thumb/v7-m/nofp/crtn.o
                0x20005000                _estack = (ORIGIN (RAM) + LENGTH (RAM))
                0x00000200                _Min_Heap_Size = 0x200
                0x00000400                _Min_Stack_Size = 0x400

.isr_vector     0x08000000      0x10c
                0x08000000                . = ALIGN (0x4)
 *(.isr_vector)
 .isr_vector    0x08000000      0x10c CMakeFiles/stm.elf.dir/Core/Startup/startup_stm32f103c8tx.s.obj
                0x08000000                g_pfnVectors
                0x0800010c                . = ALIGN (0x4)

.text           0x0800010c     0x1828
                0x0800010c                . = ALIGN (0x4)
 *(.text)
 .text          0x0800010c       0x40 d:/myconfigure/gcc-arm-none-eabi/bin/../lib/gcc/arm-none-eabi/10.3.1/thumb/v7-m/nofp/crtbegin.o
 *(.text*)
 .text.OLED_I2C_Init
                0x0800014c       0x60 CMakeFiles/stm.elf.dir/Core/Src/OLED.c.obj
                0x0800014c                OLED_I2C_Init
 .text.OLED_I2C_Start
                0x080001ac       0x3c CMakeFiles/stm.elf.dir/Core/Src/OLED.c.obj
                0x080001ac                OLED_I2C_Start
 .text.OLED_I2C_Stop
                0x080001e8       0x30 CMakeFiles/stm.elf.dir/Core/Src/OLED.c.obj
                0x080001e8                OLED_I2C_Stop
 .text.OLED_I2C_SendByte
                0x08000218       0x5c CMakeFiles/stm.elf.dir/Core/Src/OLED.c.obj
                0x08000218                OLED_I2C_SendByte
 .text.OLED_WriteCommand
                0x08000274       0x20 CMakeFiles/stm.elf.dir/Core/Src/OLED.c.obj
                0x08000274                OLED_WriteCommand
 .text.OLED_WriteData
                0x08000294       0x20 CMakeFiles/stm.elf.dir/Core/Src/OLED.c.obj
                0x08000294                OLED_WriteData
 .text.OLED_SetCursor
                0x080002b4       0x20 CMakeFiles/stm.elf.dir/Core/Src/OLED.c.obj
                0x080002b4                OLED_SetCursor
 .text.OLED_Clear
                0x080002d4       0x2c CMakeFiles/stm.elf.dir/Core/Src/OLED.c.obj
                0x080002d4                OLED_Clear
 .text.OLED_ShowChar
                0x08000300       0x64 CMakeFiles/stm.elf.dir/Core/Src/OLED.c.obj
                0x08000300                OLED_ShowChar
 .text.OLED_Pow
                0x08000364       0x14 CMakeFiles/stm.elf.dir/Core/Src/OLED.c.obj
                0x08000364                OLED_Pow
 .text.OLED_ShowNum
                0x08000378       0x50 CMakeFiles/stm.elf.dir/Core/Src/OLED.c.obj
                0x08000378                OLED_ShowNum
 .text.OLED_Init
                0x080003c8       0xae CMakeFiles/stm.elf.dir/Core/Src/OLED.c.obj
                0x080003c8                OLED_Init
 *fill*         0x08000476        0x2 
 .text.MX_GPIO_Init
                0x08000478       0x20 CMakeFiles/stm.elf.dir/Core/Src/main.c.obj
 .text.Error_Handler
                0x08000498        0x4 CMakeFiles/stm.elf.dir/Core/Src/main.c.obj
                0x08000498                Error_Handler
 .text.MX_ADC1_Init
                0x0800049c       0x54 CMakeFiles/stm.elf.dir/Core/Src/main.c.obj
 .text.SystemClock_Config
                0x080004f0       0x70 CMakeFiles/stm.elf.dir/Core/Src/main.c.obj
                0x080004f0                SystemClock_Config
 .text.main     0x08000560       0x3c CMakeFiles/stm.elf.dir/Core/Src/main.c.obj
                0x08000560                main
 .text.HAL_MspInit
                0x0800059c       0x30 CMakeFiles/stm.elf.dir/Core/Src/stm32f1xx_hal_msp.c.obj
                0x0800059c                HAL_MspInit
 .text.HAL_ADC_MspInit
                0x080005cc       0x60 CMakeFiles/stm.elf.dir/Core/Src/stm32f1xx_hal_msp.c.obj
                0x080005cc                HAL_ADC_MspInit
 .text.NMI_Handler
                0x0800062c        0x2 CMakeFiles/stm.elf.dir/Core/Src/stm32f1xx_it.c.obj
                0x0800062c                NMI_Handler
 .text.HardFault_Handler
                0x0800062e        0x2 CMakeFiles/stm.elf.dir/Core/Src/stm32f1xx_it.c.obj
                0x0800062e                HardFault_Handler
 .text.MemManage_Handler
                0x08000630        0x2 CMakeFiles/stm.elf.dir/Core/Src/stm32f1xx_it.c.obj
                0x08000630                MemManage_Handler
 .text.BusFault_Handler
                0x08000632        0x2 CMakeFiles/stm.elf.dir/Core/Src/stm32f1xx_it.c.obj
                0x08000632                BusFault_Handler
 .text.UsageFault_Handler
                0x08000634        0x2 CMakeFiles/stm.elf.dir/Core/Src/stm32f1xx_it.c.obj
                0x08000634                UsageFault_Handler
 .text.SVC_Handler
                0x08000636        0x2 CMakeFiles/stm.elf.dir/Core/Src/stm32f1xx_it.c.obj
                0x08000636                SVC_Handler
 .text.DebugMon_Handler
                0x08000638        0x2 CMakeFiles/stm.elf.dir/Core/Src/stm32f1xx_it.c.obj
                0x08000638                DebugMon_Handler
 .text.PendSV_Handler
                0x0800063a        0x2 CMakeFiles/stm.elf.dir/Core/Src/stm32f1xx_it.c.obj
                0x0800063a                PendSV_Handler
 .text.SysTick_Handler
                0x0800063c        0x8 CMakeFiles/stm.elf.dir/Core/Src/stm32f1xx_it.c.obj
                0x0800063c                SysTick_Handler
 .text.SystemInit
                0x08000644        0x2 CMakeFiles/stm.elf.dir/Core/Src/system_stm32f1xx.c.obj
                0x08000644                SystemInit
 *fill*         0x08000646        0x2 
 .text.Reset_Handler
                0x08000648       0x48 CMakeFiles/stm.elf.dir/Core/Startup/startup_stm32f103c8tx.s.obj
                0x08000648                Reset_Handler
 .text.Default_Handler
                0x08000690        0x2 CMakeFiles/stm.elf.dir/Core/Startup/startup_stm32f103c8tx.s.obj
                0x08000690                RTC_Alarm_IRQHandler
                0x08000690                EXTI2_IRQHandler
                0x08000690                TIM1_CC_IRQHandler
                0x08000690                PVD_IRQHandler
                0x08000690                EXTI3_IRQHandler
                0x08000690                EXTI0_IRQHandler
                0x08000690                I2C2_EV_IRQHandler
                0x08000690                ADC1_2_IRQHandler
                0x08000690                SPI1_IRQHandler
                0x08000690                TAMPER_IRQHandler
                0x08000690                DMA1_Channel4_IRQHandler
                0x08000690                USART3_IRQHandler
                0x08000690                RTC_IRQHandler
                0x08000690                DMA1_Channel7_IRQHandler
                0x08000690                CAN1_RX1_IRQHandler
                0x08000690                TIM4_IRQHandler
                0x08000690                I2C1_EV_IRQHandler
                0x08000690                DMA1_Channel6_IRQHandler
                0x08000690                TIM3_IRQHandler
                0x08000690                RCC_IRQHandler
                0x08000690                TIM1_TRG_COM_IRQHandler
                0x08000690                DMA1_Channel1_IRQHandler
                0x08000690                Default_Handler
                0x08000690                EXTI15_10_IRQHandler
                0x08000690                EXTI9_5_IRQHandler
                0x08000690                SPI2_IRQHandler
                0x08000690                DMA1_Channel5_IRQHandler
                0x08000690                EXTI4_IRQHandler
                0x08000690                USB_LP_CAN1_RX0_IRQHandler
                0x08000690                USB_HP_CAN1_TX_IRQHandler
                0x08000690                DMA1_Channel3_IRQHandler
                0x08000690                TIM1_UP_IRQHandler
                0x08000690                WWDG_IRQHandler
                0x08000690                TIM2_IRQHandler
                0x08000690                TIM1_BRK_IRQHandler
                0x08000690                EXTI1_IRQHandler
                0x08000690                USART2_IRQHandler
                0x08000690                I2C2_ER_IRQHandler
                0x08000690                DMA1_Channel2_IRQHandler
                0x08000690                CAN1_SCE_IRQHandler
                0x08000690                FLASH_IRQHandler
                0x08000690                USART1_IRQHandler
                0x08000690                I2C1_ER_IRQHandler
                0x08000690                USBWakeUp_IRQHandler
 *fill*         0x08000692        0x2 
 .text.HAL_InitTick
                0x08000694       0x4c CMakeFiles/stm.elf.dir/Drivers/STM32F1xx_HAL_Driver/Src/stm32f1xx_hal.c.obj
                0x08000694                HAL_InitTick
 .text.HAL_Init
                0x080006e0       0x24 CMakeFiles/stm.elf.dir/Drivers/STM32F1xx_HAL_Driver/Src/stm32f1xx_hal.c.obj
                0x080006e0                HAL_Init
 .text.HAL_IncTick
                0x08000704       0x18 CMakeFiles/stm.elf.dir/Drivers/STM32F1xx_HAL_Driver/Src/stm32f1xx_hal.c.obj
                0x08000704                HAL_IncTick
 .text.HAL_GetTick
                0x0800071c        0xc CMakeFiles/stm.elf.dir/Drivers/STM32F1xx_HAL_Driver/Src/stm32f1xx_hal.c.obj
                0x0800071c                HAL_GetTick
 .text.HAL_ADC_GetValue
                0x08000728        0x6 CMakeFiles/stm.elf.dir/Drivers/STM32F1xx_HAL_Driver/Src/stm32f1xx_hal_adc.c.obj
                0x08000728                HAL_ADC_GetValue
 *fill*         0x0800072e        0x2 
 .text.HAL_ADC_ConfigChannel
                0x08000730      0x144 CMakeFiles/stm.elf.dir/Drivers/STM32F1xx_HAL_Driver/Src/stm32f1xx_hal_adc.c.obj
                0x08000730                HAL_ADC_ConfigChannel
 .text.ADC_Enable
                0x08000874       0x88 CMakeFiles/stm.elf.dir/Drivers/STM32F1xx_HAL_Driver/Src/stm32f1xx_hal_adc.c.obj
                0x08000874                ADC_Enable
 .text.HAL_ADC_Start_IT
                0x080008fc       0xf0 CMakeFiles/stm.elf.dir/Drivers/STM32F1xx_HAL_Driver/Src/stm32f1xx_hal_adc.c.obj
                0x080008fc                HAL_ADC_Start_IT
 .text.ADC_ConversionStop_Disable
                0x080009ec       0x56 CMakeFiles/stm.elf.dir/Drivers/STM32F1xx_HAL_Driver/Src/stm32f1xx_hal_adc.c.obj
                0x080009ec                ADC_ConversionStop_Disable
 *fill*         0x08000a42        0x2 
 .text.HAL_ADC_Init
                0x08000a44      0x108 CMakeFiles/stm.elf.dir/Drivers/STM32F1xx_HAL_Driver/Src/stm32f1xx_hal_adc.c.obj
                0x08000a44                HAL_ADC_Init
 .text.HAL_ADCEx_Calibration_Start
                0x08000b4c      0x100 CMakeFiles/stm.elf.dir/Drivers/STM32F1xx_HAL_Driver/Src/stm32f1xx_hal_adc_ex.c.obj
                0x08000b4c                HAL_ADCEx_Calibration_Start
 .text.HAL_NVIC_SetPriorityGrouping
                0x08000c4c       0x24 CMakeFiles/stm.elf.dir/Drivers/STM32F1xx_HAL_Driver/Src/stm32f1xx_hal_cortex.c.obj
                0x08000c4c                HAL_NVIC_SetPriorityGrouping
 .text.HAL_NVIC_SetPriority
                0x08000c70       0x70 CMakeFiles/stm.elf.dir/Drivers/STM32F1xx_HAL_Driver/Src/stm32f1xx_hal_cortex.c.obj
                0x08000c70                HAL_NVIC_SetPriority
 .text.HAL_SYSTICK_Config
                0x08000ce0       0x28 CMakeFiles/stm.elf.dir/Drivers/STM32F1xx_HAL_Driver/Src/stm32f1xx_hal_cortex.c.obj
                0x08000ce0                HAL_SYSTICK_Config
 .text.HAL_GPIO_Init
                0x08000d08      0x224 CMakeFiles/stm.elf.dir/Drivers/STM32F1xx_HAL_Driver/Src/stm32f1xx_hal_gpio.c.obj
                0x08000d08                HAL_GPIO_Init
 .text.HAL_GPIO_WritePin
                0x08000f2c        0xc CMakeFiles/stm.elf.dir/Drivers/STM32F1xx_HAL_Driver/Src/stm32f1xx_hal_gpio.c.obj
                0x08000f2c                HAL_GPIO_WritePin
 .text.RCC_Delay
                0x08000f38       0x2c CMakeFiles/stm.elf.dir/Drivers/STM32F1xx_HAL_Driver/Src/stm32f1xx_hal_rcc.c.obj
 .text.HAL_RCC_OscConfig
                0x08000f64      0x410 CMakeFiles/stm.elf.dir/Drivers/STM32F1xx_HAL_Driver/Src/stm32f1xx_hal_rcc.c.obj
                0x08000f64                HAL_RCC_OscConfig
 .text.HAL_RCC_GetSysClockFreq
                0x08001374       0x54 CMakeFiles/stm.elf.dir/Drivers/STM32F1xx_HAL_Driver/Src/stm32f1xx_hal_rcc.c.obj
                0x08001374                HAL_RCC_GetSysClockFreq
 .text.HAL_RCC_ClockConfig
                0x080013c8      0x16c CMakeFiles/stm.elf.dir/Drivers/STM32F1xx_HAL_Driver/Src/stm32f1xx_hal_rcc.c.obj
                0x080013c8                HAL_RCC_ClockConfig
 .text.HAL_RCC_GetHCLKFreq
                0x08001534        0xc CMakeFiles/stm.elf.dir/Drivers/STM32F1xx_HAL_Driver/Src/stm32f1xx_hal_rcc.c.obj
                0x08001534                HAL_RCC_GetHCLKFreq
 .text.HAL_RCC_GetPCLK2Freq
                0x08001540       0x20 CMakeFiles/stm.elf.dir/Drivers/STM32F1xx_HAL_Driver/Src/stm32f1xx_hal_rcc.c.obj
                0x08001540                HAL_RCC_GetPCLK2Freq
 .text.HAL_RCCEx_PeriphCLKConfig
                0x08001560      0x118 CMakeFiles/stm.elf.dir/Drivers/STM32F1xx_HAL_Driver/Src/stm32f1xx_hal_rcc_ex.c.obj
                0x08001560                HAL_RCCEx_PeriphCLKConfig
 .text.HAL_RCCEx_GetPeriphCLKFreq
                0x08001678       0xd8 CMakeFiles/stm.elf.dir/Drivers/STM32F1xx_HAL_Driver/Src/stm32f1xx_hal_rcc_ex.c.obj
                0x08001678                HAL_RCCEx_GetPeriphCLKFreq
 .text.__libc_init_array
                0x08001750       0x48 d:/myconfigure/gcc-arm-none-eabi/bin/../lib/gcc/arm-none-eabi/10.3.1/../../../../arm-none-eabi/lib/thumb/v7-m/nofp\libg.a(lib_a-init.o)
                0x08001750                __libc_init_array
 .text.memset   0x08001798       0xa4 d:/myconfigure/gcc-arm-none-eabi/bin/../lib/gcc/arm-none-eabi/10.3.1/../../../../arm-none-eabi/lib/thumb/v7-m/nofp\libg.a(lib_a-memset.o)
                0x08001798                memset
 .text.startup.register_fini
                0x0800183c       0x14 d:/myconfigure/gcc-arm-none-eabi/bin/../lib/gcc/arm-none-eabi/10.3.1/../../../../arm-none-eabi/lib/thumb/v7-m/nofp\libg.a(lib_a-__call_atexit.o)
 .text.atexit   0x08001850        0xc d:/myconfigure/gcc-arm-none-eabi/bin/../lib/gcc/arm-none-eabi/10.3.1/../../../../arm-none-eabi/lib/thumb/v7-m/nofp\libg.a(lib_a-atexit.o)
                0x08001850                atexit
 .text.__libc_fini_array
                0x0800185c       0x2c d:/myconfigure/gcc-arm-none-eabi/bin/../lib/gcc/arm-none-eabi/10.3.1/../../../../arm-none-eabi/lib/thumb/v7-m/nofp\libg.a(lib_a-fini.o)
                0x0800185c                __libc_fini_array
 .text.__retarget_lock_acquire_recursive
                0x08001888        0x4 d:/myconfigure/gcc-arm-none-eabi/bin/../lib/gcc/arm-none-eabi/10.3.1/../../../../arm-none-eabi/lib/thumb/v7-m/nofp\libg.a(lib_a-lock.o)
                0x08001888                __retarget_lock_acquire_recursive
 .text.__retarget_lock_release_recursive
                0x0800188c        0x4 d:/myconfigure/gcc-arm-none-eabi/bin/../lib/gcc/arm-none-eabi/10.3.1/../../../../arm-none-eabi/lib/thumb/v7-m/nofp\libg.a(lib_a-lock.o)
                0x0800188c                __retarget_lock_release_recursive
 .text.__register_exitproc
                0x08001890       0x8c d:/myconfigure/gcc-arm-none-eabi/bin/../lib/gcc/arm-none-eabi/10.3.1/../../../../arm-none-eabi/lib/thumb/v7-m/nofp\libg.a(lib_a-__atexit.o)
                0x08001890                __register_exitproc
 *(.glue_7)
 .glue_7        0x0800191c        0x0 linker stubs
 *(.glue_7t)
 .glue_7t       0x0800191c        0x0 linker stubs
 *(.eh_frame)
 .eh_frame      0x0800191c        0x0 d:/myconfigure/gcc-arm-none-eabi/bin/../lib/gcc/arm-none-eabi/10.3.1/thumb/v7-m/nofp/crtbegin.o
 *(.init)
 .init          0x0800191c        0x4 d:/myconfigure/gcc-arm-none-eabi/bin/../lib/gcc/arm-none-eabi/10.3.1/thumb/v7-m/nofp/crti.o
                0x0800191c                _init
 .init          0x08001920        0x8 d:/myconfigure/gcc-arm-none-eabi/bin/../lib/gcc/arm-none-eabi/10.3.1/thumb/v7-m/nofp/crtn.o
 *(.fini)
 .fini          0x08001928        0x4 d:/myconfigure/gcc-arm-none-eabi/bin/../lib/gcc/arm-none-eabi/10.3.1/thumb/v7-m/nofp/crti.o
                0x08001928                _fini
 .fini          0x0800192c        0x8 d:/myconfigure/gcc-arm-none-eabi/bin/../lib/gcc/arm-none-eabi/10.3.1/thumb/v7-m/nofp/crtn.o
                0x08001934                . = ALIGN (0x4)
                0x08001934                _etext = .

.vfp11_veneer   0x08001934        0x0
 .vfp11_veneer  0x08001934        0x0 linker stubs

.v4_bx          0x08001934        0x0
 .v4_bx         0x08001934        0x0 linker stubs

.iplt           0x08001934        0x0
 .iplt          0x08001934        0x0 d:/myconfigure/gcc-arm-none-eabi/bin/../lib/gcc/arm-none-eabi/10.3.1/thumb/v7-m/nofp/crtbegin.o

.rodata         0x08001934      0x634
                0x08001934                . = ALIGN (0x4)
 *(.rodata)
 *(.rodata*)
 .rodata.OLED_F8x16
                0x08001934      0x5f0 CMakeFiles/stm.elf.dir/Core/Src/OLED.c.obj
                0x08001934                OLED_F8x16
 .rodata.AHBPrescTable
                0x08001f24       0x10 CMakeFiles/stm.elf.dir/Core/Src/system_stm32f1xx.c.obj
                0x08001f24                AHBPrescTable
 .rodata.APBPrescTable
                0x08001f34        0x8 CMakeFiles/stm.elf.dir/Core/Src/system_stm32f1xx.c.obj
                0x08001f34                APBPrescTable
 .rodata.aPLLMULFactorTable.1
                0x08001f3c       0x10 CMakeFiles/stm.elf.dir/Drivers/STM32F1xx_HAL_Driver/Src/stm32f1xx_hal_rcc.c.obj
 .rodata.aPredivFactorTable.0
                0x08001f4c        0x2 CMakeFiles/stm.elf.dir/Drivers/STM32F1xx_HAL_Driver/Src/stm32f1xx_hal_rcc.c.obj
 *fill*         0x08001f4e        0x2 
 .rodata.aPLLMULFactorTable.1
                0x08001f50       0x10 CMakeFiles/stm.elf.dir/Drivers/STM32F1xx_HAL_Driver/Src/stm32f1xx_hal_rcc_ex.c.obj
 .rodata.aPredivFactorTable.0
                0x08001f60        0x2 CMakeFiles/stm.elf.dir/Drivers/STM32F1xx_HAL_Driver/Src/stm32f1xx_hal_rcc_ex.c.obj
 *fill*         0x08001f62        0x2 
 .rodata._global_impure_ptr
                0x08001f64        0x4 d:/myconfigure/gcc-arm-none-eabi/bin/../lib/gcc/arm-none-eabi/10.3.1/../../../../arm-none-eabi/lib/thumb/v7-m/nofp\libg.a(lib_a-impure.o)
                0x08001f64                _global_impure_ptr
                0x08001f68                . = ALIGN (0x4)

.rel.dyn        0x08001f68        0x0
 .rel.iplt      0x08001f68        0x0 d:/myconfigure/gcc-arm-none-eabi/bin/../lib/gcc/arm-none-eabi/10.3.1/thumb/v7-m/nofp/crtbegin.o

.ARM.extab      0x08001f68        0x0
                0x08001f68                . = ALIGN (0x4)
 *(.ARM.extab* .gnu.linkonce.armextab.*)
                0x08001f68                . = ALIGN (0x4)

.ARM            0x08001f68        0x0
                0x08001f68                . = ALIGN (0x4)
                0x08001f68                __exidx_start = .
 *(.ARM.exidx*)
                0x08001f68                __exidx_end = .
                0x08001f68                . = ALIGN (0x4)

.preinit_array  0x08001f68        0x0
                0x08001f68                . = ALIGN (0x4)
                0x08001f68                PROVIDE (__preinit_array_start = .)
 *(.preinit_array*)
                0x08001f68                PROVIDE (__preinit_array_end = .)
                0x08001f68                . = ALIGN (0x4)

.init_array     0x08001f68        0x8
                0x08001f68                . = ALIGN (0x4)
                0x08001f68                PROVIDE (__init_array_start = .)
 *(SORT_BY_NAME(.init_array.*))
 .init_array.00000
                0x08001f68        0x4 d:/myconfigure/gcc-arm-none-eabi/bin/../lib/gcc/arm-none-eabi/10.3.1/../../../../arm-none-eabi/lib/thumb/v7-m/nofp\libg.a(lib_a-__call_atexit.o)
 *(.init_array*)
 .init_array    0x08001f6c        0x4 d:/myconfigure/gcc-arm-none-eabi/bin/../lib/gcc/arm-none-eabi/10.3.1/thumb/v7-m/nofp/crtbegin.o
                0x08001f70                PROVIDE (__init_array_end = .)
                0x08001f70                . = ALIGN (0x4)

.fini_array     0x08001f70        0x4
                0x08001f70                . = ALIGN (0x4)
                0x08001f70                PROVIDE (__fini_array_start = .)
 *(SORT_BY_NAME(.fini_array.*))
 *(.fini_array*)
 .fini_array    0x08001f70        0x4 d:/myconfigure/gcc-arm-none-eabi/bin/../lib/gcc/arm-none-eabi/10.3.1/thumb/v7-m/nofp/crtbegin.o
                0x08001f74                PROVIDE (__fini_array_end = .)
                0x08001f74                . = ALIGN (0x4)
                0x08001f74                _sidata = LOADADDR (.data)

.data           0x20000000      0x43c load address 0x08001f74
                0x20000000                . = ALIGN (0x4)
                0x20000000                _sdata = .
 *(.data)
 *(.data*)
 .data.SystemCoreClock
                0x20000000        0x4 CMakeFiles/stm.elf.dir/Core/Src/system_stm32f1xx.c.obj
                0x20000000                SystemCoreClock
 .data.uwTickFreq
                0x20000004        0x1 CMakeFiles/stm.elf.dir/Drivers/STM32F1xx_HAL_Driver/Src/stm32f1xx_hal.c.obj
                0x20000004                uwTickFreq
 *fill*         0x20000005        0x3 
 .data.uwTickPrio
                0x20000008        0x4 CMakeFiles/stm.elf.dir/Drivers/STM32F1xx_HAL_Driver/Src/stm32f1xx_hal.c.obj
                0x20000008                uwTickPrio
 *fill*         0x2000000c        0x4 
 .data.impure_data
                0x20000010      0x428 d:/myconfigure/gcc-arm-none-eabi/bin/../lib/gcc/arm-none-eabi/10.3.1/../../../../arm-none-eabi/lib/thumb/v7-m/nofp\libg.a(lib_a-impure.o)
 .data.__atexit_recursive_mutex
                0x20000438        0x4 d:/myconfigure/gcc-arm-none-eabi/bin/../lib/gcc/arm-none-eabi/10.3.1/../../../../arm-none-eabi/lib/thumb/v7-m/nofp\libg.a(lib_a-__call_atexit.o)
                0x20000438                __atexit_recursive_mutex
 *(.RamFunc)
 *(.RamFunc*)
                0x2000043c                . = ALIGN (0x4)
                0x2000043c                _edata = .

.igot.plt       0x2000043c        0x0 load address 0x080023b0
 .igot.plt      0x2000043c        0x0 d:/myconfigure/gcc-arm-none-eabi/bin/../lib/gcc/arm-none-eabi/10.3.1/thumb/v7-m/nofp/crtbegin.o
                0x2000043c                . = ALIGN (0x4)

.bss            0x2000043c       0x54 load address 0x080023b0
                0x2000043c                _sbss = .
                0x2000043c                __bss_start__ = _sbss
 *(.bss)
 .bss           0x2000043c       0x1c d:/myconfigure/gcc-arm-none-eabi/bin/../lib/gcc/arm-none-eabi/10.3.1/thumb/v7-m/nofp/crtbegin.o
 *(.bss*)
 .bss.hadc1     0x20000458       0x30 CMakeFiles/stm.elf.dir/Core/Src/main.c.obj
                0x20000458                hadc1
 .bss.uwTick    0x20000488        0x4 CMakeFiles/stm.elf.dir/Drivers/STM32F1xx_HAL_Driver/Src/stm32f1xx_hal.c.obj
                0x20000488                uwTick
 .bss.__lock___atexit_recursive_mutex
                0x2000048c        0x1 d:/myconfigure/gcc-arm-none-eabi/bin/../lib/gcc/arm-none-eabi/10.3.1/../../../../arm-none-eabi/lib/thumb/v7-m/nofp\libg.a(lib_a-lock.o)
                0x2000048c                __lock___atexit_recursive_mutex
 *(COMMON)
                0x20000490                . = ALIGN (0x4)
 *fill*         0x2000048d        0x3 
                0x20000490                _ebss = .
                0x20000490                __bss_end__ = _ebss

._user_heap_stack
                0x20000490      0x600 load address 0x080023b0
                0x20000490                . = ALIGN (0x8)
                [!provide]                PROVIDE (end = .)
                0x20000490                PROVIDE (_end = .)
                0x20000690                . = (. + _Min_Heap_Size)
 *fill*         0x20000490      0x200 
                0x20000a90                . = (. + _Min_Stack_Size)
 *fill*         0x20000690      0x400 
                0x20000a90                . = ALIGN (0x8)

/DISCARD/
 libc.a(*)
 libm.a(*)
 libgcc.a(*)

.ARM.attributes
                0x00000000       0x29
 *(.ARM.attributes)
 .ARM.attributes
                0x00000000       0x1d d:/myconfigure/gcc-arm-none-eabi/bin/../lib/gcc/arm-none-eabi/10.3.1/thumb/v7-m/nofp/crti.o
 .ARM.attributes
                0x0000001d       0x2d d:/myconfigure/gcc-arm-none-eabi/bin/../lib/gcc/arm-none-eabi/10.3.1/thumb/v7-m/nofp/crtbegin.o
 .ARM.attributes
                0x0000004a       0x2d CMakeFiles/stm.elf.dir/Core/Src/OLED.c.obj
 .ARM.attributes
                0x00000077       0x2d CMakeFiles/stm.elf.dir/Core/Src/main.c.obj
 .ARM.attributes
                0x000000a4       0x2d CMakeFiles/stm.elf.dir/Core/Src/stm32f1xx_hal_msp.c.obj
 .ARM.attributes
                0x000000d1       0x2d CMakeFiles/stm.elf.dir/Core/Src/stm32f1xx_it.c.obj
 .ARM.attributes
                0x000000fe       0x2d CMakeFiles/stm.elf.dir/Core/Src/system_stm32f1xx.c.obj
 .ARM.attributes
                0x0000012b       0x21 CMakeFiles/stm.elf.dir/Core/Startup/startup_stm32f103c8tx.s.obj
 .ARM.attributes
                0x0000014c       0x2d CMakeFiles/stm.elf.dir/Drivers/STM32F1xx_HAL_Driver/Src/stm32f1xx_hal.c.obj
 .ARM.attributes
                0x00000179       0x2d CMakeFiles/stm.elf.dir/Drivers/STM32F1xx_HAL_Driver/Src/stm32f1xx_hal_adc.c.obj
 .ARM.attributes
                0x000001a6       0x2d CMakeFiles/stm.elf.dir/Drivers/STM32F1xx_HAL_Driver/Src/stm32f1xx_hal_adc_ex.c.obj
 .ARM.attributes
                0x000001d3       0x2d CMakeFiles/stm.elf.dir/Drivers/STM32F1xx_HAL_Driver/Src/stm32f1xx_hal_cortex.c.obj
 .ARM.attributes
                0x00000200       0x2d CMakeFiles/stm.elf.dir/Drivers/STM32F1xx_HAL_Driver/Src/stm32f1xx_hal_gpio.c.obj
 .ARM.attributes
                0x0000022d       0x2d CMakeFiles/stm.elf.dir/Drivers/STM32F1xx_HAL_Driver/Src/stm32f1xx_hal_rcc.c.obj
 .ARM.attributes
                0x0000025a       0x2d CMakeFiles/stm.elf.dir/Drivers/STM32F1xx_HAL_Driver/Src/stm32f1xx_hal_rcc_ex.c.obj
 .ARM.attributes
                0x00000287       0x2d d:/myconfigure/gcc-arm-none-eabi/bin/../lib/gcc/arm-none-eabi/10.3.1/../../../../arm-none-eabi/lib/thumb/v7-m/nofp\libg.a(lib_a-impure.o)
 .ARM.attributes
                0x000002b4       0x2d d:/myconfigure/gcc-arm-none-eabi/bin/../lib/gcc/arm-none-eabi/10.3.1/../../../../arm-none-eabi/lib/thumb/v7-m/nofp\libg.a(lib_a-init.o)
 .ARM.attributes
                0x000002e1       0x2d d:/myconfigure/gcc-arm-none-eabi/bin/../lib/gcc/arm-none-eabi/10.3.1/../../../../arm-none-eabi/lib/thumb/v7-m/nofp\libg.a(lib_a-memset.o)
 .ARM.attributes
                0x0000030e       0x2d d:/myconfigure/gcc-arm-none-eabi/bin/../lib/gcc/arm-none-eabi/10.3.1/../../../../arm-none-eabi/lib/thumb/v7-m/nofp\libg.a(lib_a-__call_atexit.o)
 .ARM.attributes
                0x0000033b       0x2d d:/myconfigure/gcc-arm-none-eabi/bin/../lib/gcc/arm-none-eabi/10.3.1/../../../../arm-none-eabi/lib/thumb/v7-m/nofp\libg.a(lib_a-atexit.o)
 .ARM.attributes
                0x00000368       0x2d d:/myconfigure/gcc-arm-none-eabi/bin/../lib/gcc/arm-none-eabi/10.3.1/../../../../arm-none-eabi/lib/thumb/v7-m/nofp\libg.a(lib_a-fini.o)
 .ARM.attributes
                0x00000395       0x2d d:/myconfigure/gcc-arm-none-eabi/bin/../lib/gcc/arm-none-eabi/10.3.1/../../../../arm-none-eabi/lib/thumb/v7-m/nofp\libg.a(lib_a-lock.o)
 .ARM.attributes
                0x000003c2       0x2d d:/myconfigure/gcc-arm-none-eabi/bin/../lib/gcc/arm-none-eabi/10.3.1/../../../../arm-none-eabi/lib/thumb/v7-m/nofp\libg.a(lib_a-__atexit.o)
 .ARM.attributes
                0x000003ef       0x1d d:/myconfigure/gcc-arm-none-eabi/bin/../lib/gcc/arm-none-eabi/10.3.1/thumb/v7-m/nofp/crtn.o
OUTPUT(stm.elf elf32-littlearm)
LOAD linker stubs
LOAD d:/myconfigure/gcc-arm-none-eabi/bin/../lib/gcc/arm-none-eabi/10.3.1/../../../../arm-none-eabi/lib/thumb/v7-m/nofp\libc.a
LOAD d:/myconfigure/gcc-arm-none-eabi/bin/../lib/gcc/arm-none-eabi/10.3.1/../../../../arm-none-eabi/lib/thumb/v7-m/nofp\libm.a
LOAD d:/myconfigure/gcc-arm-none-eabi/bin/../lib/gcc/arm-none-eabi/10.3.1/thumb/v7-m/nofp\libgcc.a

.debug_info     0x00000000     0x68df
 .debug_info    0x00000000      0xdd9 CMakeFiles/stm.elf.dir/Core/Src/OLED.c.obj
 .debug_info    0x00000dd9      0xa2b CMakeFiles/stm.elf.dir/Core/Src/main.c.obj
 .debug_info    0x00001804      0x79d CMakeFiles/stm.elf.dir/Core/Src/stm32f1xx_hal_msp.c.obj
 .debug_info    0x00001fa1      0x130 CMakeFiles/stm.elf.dir/Core/Src/stm32f1xx_it.c.obj
 .debug_info    0x000020d1      0x248 CMakeFiles/stm.elf.dir/Core/Src/system_stm32f1xx.c.obj
 .debug_info    0x00002319       0x22 CMakeFiles/stm.elf.dir/Core/Startup/startup_stm32f103c8tx.s.obj
 .debug_info    0x0000233b      0x7a8 CMakeFiles/stm.elf.dir/Drivers/STM32F1xx_HAL_Driver/Src/stm32f1xx_hal.c.obj
 .debug_info    0x00002ae3      0xf3f CMakeFiles/stm.elf.dir/Drivers/STM32F1xx_HAL_Driver/Src/stm32f1xx_hal_adc.c.obj
 .debug_info    0x00003a22      0xc40 CMakeFiles/stm.elf.dir/Drivers/STM32F1xx_HAL_Driver/Src/stm32f1xx_hal_adc_ex.c.obj
 .debug_info    0x00004662      0xd8a CMakeFiles/stm.elf.dir/Drivers/STM32F1xx_HAL_Driver/Src/stm32f1xx_hal_cortex.c.obj
 .debug_info    0x000053ec      0x66f CMakeFiles/stm.elf.dir/Drivers/STM32F1xx_HAL_Driver/Src/stm32f1xx_hal_gpio.c.obj
 .debug_info    0x00005a5b      0xa3b CMakeFiles/stm.elf.dir/Drivers/STM32F1xx_HAL_Driver/Src/stm32f1xx_hal_rcc.c.obj
 .debug_info    0x00006496      0x449 CMakeFiles/stm.elf.dir/Drivers/STM32F1xx_HAL_Driver/Src/stm32f1xx_hal_rcc_ex.c.obj

.debug_abbrev   0x00000000     0x16ec
 .debug_abbrev  0x00000000      0x1ea CMakeFiles/stm.elf.dir/Core/Src/OLED.c.obj
 .debug_abbrev  0x000001ea      0x20c CMakeFiles/stm.elf.dir/Core/Src/main.c.obj
 .debug_abbrev  0x000003f6      0x17d CMakeFiles/stm.elf.dir/Core/Src/stm32f1xx_hal_msp.c.obj
 .debug_abbrev  0x00000573       0x7e CMakeFiles/stm.elf.dir/Core/Src/stm32f1xx_it.c.obj
 .debug_abbrev  0x000005f1      0x13e CMakeFiles/stm.elf.dir/Core/Src/system_stm32f1xx.c.obj
 .debug_abbrev  0x0000072f       0x12 CMakeFiles/stm.elf.dir/Core/Startup/startup_stm32f103c8tx.s.obj
 .debug_abbrev  0x00000741      0x1f4 CMakeFiles/stm.elf.dir/Drivers/STM32F1xx_HAL_Driver/Src/stm32f1xx_hal.c.obj
 .debug_abbrev  0x00000935      0x1fc CMakeFiles/stm.elf.dir/Drivers/STM32F1xx_HAL_Driver/Src/stm32f1xx_hal_adc.c.obj
 .debug_abbrev  0x00000b31      0x248 CMakeFiles/stm.elf.dir/Drivers/STM32F1xx_HAL_Driver/Src/stm32f1xx_hal_adc_ex.c.obj
 .debug_abbrev  0x00000d79      0x341 CMakeFiles/stm.elf.dir/Drivers/STM32F1xx_HAL_Driver/Src/stm32f1xx_hal_cortex.c.obj
 .debug_abbrev  0x000010ba      0x1e6 CMakeFiles/stm.elf.dir/Drivers/STM32F1xx_HAL_Driver/Src/stm32f1xx_hal_gpio.c.obj
 .debug_abbrev  0x000012a0      0x27a CMakeFiles/stm.elf.dir/Drivers/STM32F1xx_HAL_Driver/Src/stm32f1xx_hal_rcc.c.obj
 .debug_abbrev  0x0000151a      0x1d2 CMakeFiles/stm.elf.dir/Drivers/STM32F1xx_HAL_Driver/Src/stm32f1xx_hal_rcc_ex.c.obj

.debug_loc      0x00000000     0x3335
 .debug_loc     0x00000000      0x77c CMakeFiles/stm.elf.dir/Core/Src/OLED.c.obj
 .debug_loc     0x0000077c       0x84 CMakeFiles/stm.elf.dir/Core/Src/stm32f1xx_hal_msp.c.obj
 .debug_loc     0x00000800       0xff CMakeFiles/stm.elf.dir/Core/Src/system_stm32f1xx.c.obj
 .debug_loc     0x000008ff      0x141 CMakeFiles/stm.elf.dir/Drivers/STM32F1xx_HAL_Driver/Src/stm32f1xx_hal.c.obj
 .debug_loc     0x00000a40      0xb03 CMakeFiles/stm.elf.dir/Drivers/STM32F1xx_HAL_Driver/Src/stm32f1xx_hal_adc.c.obj
 .debug_loc     0x00001543      0x801 CMakeFiles/stm.elf.dir/Drivers/STM32F1xx_HAL_Driver/Src/stm32f1xx_hal_adc_ex.c.obj
 .debug_loc     0x00001d44      0x71f CMakeFiles/stm.elf.dir/Drivers/STM32F1xx_HAL_Driver/Src/stm32f1xx_hal_cortex.c.obj
 .debug_loc     0x00002463      0x47d CMakeFiles/stm.elf.dir/Drivers/STM32F1xx_HAL_Driver/Src/stm32f1xx_hal_gpio.c.obj
 .debug_loc     0x000028e0      0x618 CMakeFiles/stm.elf.dir/Drivers/STM32F1xx_HAL_Driver/Src/stm32f1xx_hal_rcc.c.obj
 .debug_loc     0x00002ef8      0x43d CMakeFiles/stm.elf.dir/Drivers/STM32F1xx_HAL_Driver/Src/stm32f1xx_hal_rcc_ex.c.obj

.debug_aranges  0x00000000      0x5b0
 .debug_aranges
                0x00000000       0x98 CMakeFiles/stm.elf.dir/Core/Src/OLED.c.obj
 .debug_aranges
                0x00000098       0x40 CMakeFiles/stm.elf.dir/Core/Src/main.c.obj
 .debug_aranges
                0x000000d8       0x30 CMakeFiles/stm.elf.dir/Core/Src/stm32f1xx_hal_msp.c.obj
 .debug_aranges
                0x00000108       0x60 CMakeFiles/stm.elf.dir/Core/Src/stm32f1xx_it.c.obj
 .debug_aranges
                0x00000168       0x28 CMakeFiles/stm.elf.dir/Core/Src/system_stm32f1xx.c.obj
 .debug_aranges
                0x00000190       0x28 CMakeFiles/stm.elf.dir/Core/Startup/startup_stm32f103c8tx.s.obj
 .debug_aranges
                0x000001b8       0xe0 CMakeFiles/stm.elf.dir/Drivers/STM32F1xx_HAL_Driver/Src/stm32f1xx_hal.c.obj
 .debug_aranges
                0x00000298       0xf0 CMakeFiles/stm.elf.dir/Drivers/STM32F1xx_HAL_Driver/Src/stm32f1xx_hal_adc.c.obj
 .debug_aranges
                0x00000388       0x80 CMakeFiles/stm.elf.dir/Drivers/STM32F1xx_HAL_Driver/Src/stm32f1xx_hal_adc_ex.c.obj
 .debug_aranges
                0x00000408       0x90 CMakeFiles/stm.elf.dir/Drivers/STM32F1xx_HAL_Driver/Src/stm32f1xx_hal_cortex.c.obj
 .debug_aranges
                0x00000498       0x58 CMakeFiles/stm.elf.dir/Drivers/STM32F1xx_HAL_Driver/Src/stm32f1xx_hal_gpio.c.obj
 .debug_aranges
                0x000004f0       0x90 CMakeFiles/stm.elf.dir/Drivers/STM32F1xx_HAL_Driver/Src/stm32f1xx_hal_rcc.c.obj
 .debug_aranges
                0x00000580       0x30 CMakeFiles/stm.elf.dir/Drivers/STM32F1xx_HAL_Driver/Src/stm32f1xx_hal_rcc_ex.c.obj

.debug_ranges   0x00000000      0x580
 .debug_ranges  0x00000000       0x88 CMakeFiles/stm.elf.dir/Core/Src/OLED.c.obj
 .debug_ranges  0x00000088       0x30 CMakeFiles/stm.elf.dir/Core/Src/main.c.obj
 .debug_ranges  0x000000b8       0x20 CMakeFiles/stm.elf.dir/Core/Src/stm32f1xx_hal_msp.c.obj
 .debug_ranges  0x000000d8       0x50 CMakeFiles/stm.elf.dir/Core/Src/stm32f1xx_it.c.obj
 .debug_ranges  0x00000128       0x18 CMakeFiles/stm.elf.dir/Core/Src/system_stm32f1xx.c.obj
 .debug_ranges  0x00000140       0x20 CMakeFiles/stm.elf.dir/Core/Startup/startup_stm32f103c8tx.s.obj
 .debug_ranges  0x00000160       0xd0 CMakeFiles/stm.elf.dir/Drivers/STM32F1xx_HAL_Driver/Src/stm32f1xx_hal.c.obj
 .debug_ranges  0x00000230       0xe0 CMakeFiles/stm.elf.dir/Drivers/STM32F1xx_HAL_Driver/Src/stm32f1xx_hal_adc.c.obj
 .debug_ranges  0x00000310       0x70 CMakeFiles/stm.elf.dir/Drivers/STM32F1xx_HAL_Driver/Src/stm32f1xx_hal_adc_ex.c.obj
 .debug_ranges  0x00000380       0xe0 CMakeFiles/stm.elf.dir/Drivers/STM32F1xx_HAL_Driver/Src/stm32f1xx_hal_cortex.c.obj
 .debug_ranges  0x00000460       0x48 CMakeFiles/stm.elf.dir/Drivers/STM32F1xx_HAL_Driver/Src/stm32f1xx_hal_gpio.c.obj
 .debug_ranges  0x000004a8       0xa0 CMakeFiles/stm.elf.dir/Drivers/STM32F1xx_HAL_Driver/Src/stm32f1xx_hal_rcc.c.obj
 .debug_ranges  0x00000548       0x38 CMakeFiles/stm.elf.dir/Drivers/STM32F1xx_HAL_Driver/Src/stm32f1xx_hal_rcc_ex.c.obj

.debug_line     0x00000000     0x4e69
 .debug_line    0x00000000      0x6f8 CMakeFiles/stm.elf.dir/Core/Src/OLED.c.obj
 .debug_line    0x000006f8      0x431 CMakeFiles/stm.elf.dir/Core/Src/main.c.obj
 .debug_line    0x00000b29      0x27a CMakeFiles/stm.elf.dir/Core/Src/stm32f1xx_hal_msp.c.obj
 .debug_line    0x00000da3      0x199 CMakeFiles/stm.elf.dir/Core/Src/stm32f1xx_it.c.obj
 .debug_line    0x00000f3c      0x228 CMakeFiles/stm.elf.dir/Core/Src/system_stm32f1xx.c.obj
 .debug_line    0x00001164       0x94 CMakeFiles/stm.elf.dir/Core/Startup/startup_stm32f103c8tx.s.obj
 .debug_line    0x000011f8      0x532 CMakeFiles/stm.elf.dir/Drivers/STM32F1xx_HAL_Driver/Src/stm32f1xx_hal.c.obj
 .debug_line    0x0000172a      0xee0 CMakeFiles/stm.elf.dir/Drivers/STM32F1xx_HAL_Driver/Src/stm32f1xx_hal_adc.c.obj
 .debug_line    0x0000260a      0xbc8 CMakeFiles/stm.elf.dir/Drivers/STM32F1xx_HAL_Driver/Src/stm32f1xx_hal_adc_ex.c.obj
 .debug_line    0x000031d2      0x62c CMakeFiles/stm.elf.dir/Drivers/STM32F1xx_HAL_Driver/Src/stm32f1xx_hal_cortex.c.obj
 .debug_line    0x000037fe      0x5d4 CMakeFiles/stm.elf.dir/Drivers/STM32F1xx_HAL_Driver/Src/stm32f1xx_hal_gpio.c.obj
 .debug_line    0x00003dd2      0xc11 CMakeFiles/stm.elf.dir/Drivers/STM32F1xx_HAL_Driver/Src/stm32f1xx_hal_rcc.c.obj
 .debug_line    0x000049e3      0x486 CMakeFiles/stm.elf.dir/Drivers/STM32F1xx_HAL_Driver/Src/stm32f1xx_hal_rcc_ex.c.obj

.debug_str      0x00000000     0x1e74
 .debug_str     0x00000000      0x374 CMakeFiles/stm.elf.dir/Core/Src/OLED.c.obj
                                0x3f9 (size before relaxing)
 .debug_str     0x00000374      0x598 CMakeFiles/stm.elf.dir/Core/Src/main.c.obj
                                0x804 (size before relaxing)
 .debug_str     0x0000090c       0x81 CMakeFiles/stm.elf.dir/Core/Src/stm32f1xx_hal_msp.c.obj
                                0x5ab (size before relaxing)
 .debug_str     0x0000098d       0xc5 CMakeFiles/stm.elf.dir/Core/Src/stm32f1xx_it.c.obj
                                0x23c (size before relaxing)
 .debug_str     0x00000a52       0x8c CMakeFiles/stm.elf.dir/Core/Src/system_stm32f1xx.c.obj
                                0x26e (size before relaxing)
 .debug_str     0x00000ade       0x44 CMakeFiles/stm.elf.dir/Core/Startup/startup_stm32f103c8tx.s.obj
                                 0x67 (size before relaxing)
 .debug_str     0x00000b22      0x606 CMakeFiles/stm.elf.dir/Drivers/STM32F1xx_HAL_Driver/Src/stm32f1xx_hal.c.obj
                                0x83e (size before relaxing)
 .debug_str     0x00001128      0x333 CMakeFiles/stm.elf.dir/Drivers/STM32F1xx_HAL_Driver/Src/stm32f1xx_hal_adc.c.obj
                                0x8f4 (size before relaxing)
 .debug_str     0x0000145b      0x283 CMakeFiles/stm.elf.dir/Drivers/STM32F1xx_HAL_Driver/Src/stm32f1xx_hal_adc_ex.c.obj
                                0x8a6 (size before relaxing)
 .debug_str     0x000016de      0x3d3 CMakeFiles/stm.elf.dir/Drivers/STM32F1xx_HAL_Driver/Src/stm32f1xx_hal_cortex.c.obj
                                0x8ed (size before relaxing)
 .debug_str     0x00001ab1      0x13e CMakeFiles/stm.elf.dir/Drivers/STM32F1xx_HAL_Driver/Src/stm32f1xx_hal_gpio.c.obj
                                0x41a (size before relaxing)
 .debug_str     0x00001bef      0x1f3 CMakeFiles/stm.elf.dir/Drivers/STM32F1xx_HAL_Driver/Src/stm32f1xx_hal_rcc.c.obj
                                0x645 (size before relaxing)
 .debug_str     0x00001de2       0x92 CMakeFiles/stm.elf.dir/Drivers/STM32F1xx_HAL_Driver/Src/stm32f1xx_hal_rcc_ex.c.obj
                                0x3ed (size before relaxing)

.comment        0x00000000       0x49
 .comment       0x00000000       0x49 CMakeFiles/stm.elf.dir/Core/Src/OLED.c.obj
                                 0x4a (size before relaxing)
 .comment       0x00000049       0x4a CMakeFiles/stm.elf.dir/Core/Src/main.c.obj
 .comment       0x00000049       0x4a CMakeFiles/stm.elf.dir/Core/Src/stm32f1xx_hal_msp.c.obj
 .comment       0x00000049       0x4a CMakeFiles/stm.elf.dir/Core/Src/stm32f1xx_it.c.obj
 .comment       0x00000049       0x4a CMakeFiles/stm.elf.dir/Core/Src/system_stm32f1xx.c.obj
 .comment       0x00000049       0x4a CMakeFiles/stm.elf.dir/Drivers/STM32F1xx_HAL_Driver/Src/stm32f1xx_hal.c.obj
 .comment       0x00000049       0x4a CMakeFiles/stm.elf.dir/Drivers/STM32F1xx_HAL_Driver/Src/stm32f1xx_hal_adc.c.obj
 .comment       0x00000049       0x4a CMakeFiles/stm.elf.dir/Drivers/STM32F1xx_HAL_Driver/Src/stm32f1xx_hal_adc_ex.c.obj
 .comment       0x00000049       0x4a CMakeFiles/stm.elf.dir/Drivers/STM32F1xx_HAL_Driver/Src/stm32f1xx_hal_cortex.c.obj
 .comment       0x00000049       0x4a CMakeFiles/stm.elf.dir/Drivers/STM32F1xx_HAL_Driver/Src/stm32f1xx_hal_gpio.c.obj
 .comment       0x00000049       0x4a CMakeFiles/stm.elf.dir/Drivers/STM32F1xx_HAL_Driver/Src/stm32f1xx_hal_rcc.c.obj
 .comment       0x00000049       0x4a CMakeFiles/stm.elf.dir/Drivers/STM32F1xx_HAL_Driver/Src/stm32f1xx_hal_rcc_ex.c.obj

.debug_frame    0x00000000      0xf94
 .debug_frame   0x00000000      0x1d4 CMakeFiles/stm.elf.dir/Core/Src/OLED.c.obj
 .debug_frame   0x000001d4       0x90 CMakeFiles/stm.elf.dir/Core/Src/main.c.obj
 .debug_frame   0x00000264       0x60 CMakeFiles/stm.elf.dir/Core/Src/stm32f1xx_hal_msp.c.obj
 .debug_frame   0x000002c4       0xa8 CMakeFiles/stm.elf.dir/Core/Src/stm32f1xx_it.c.obj
 .debug_frame   0x0000036c       0x30 CMakeFiles/stm.elf.dir/Core/Src/system_stm32f1xx.c.obj
 .debug_frame   0x0000039c      0x1cc CMakeFiles/stm.elf.dir/Drivers/STM32F1xx_HAL_Driver/Src/stm32f1xx_hal.c.obj
 .debug_frame   0x00000568      0x2c8 CMakeFiles/stm.elf.dir/Drivers/STM32F1xx_HAL_Driver/Src/stm32f1xx_hal_adc.c.obj
 .debug_frame   0x00000830      0x19c CMakeFiles/stm.elf.dir/Drivers/STM32F1xx_HAL_Driver/Src/stm32f1xx_hal_adc_ex.c.obj
 .debug_frame   0x000009cc      0x118 CMakeFiles/stm.elf.dir/Drivers/STM32F1xx_HAL_Driver/Src/stm32f1xx_hal_cortex.c.obj
 .debug_frame   0x00000ae4       0xe4 CMakeFiles/stm.elf.dir/Drivers/STM32F1xx_HAL_Driver/Src/stm32f1xx_hal_gpio.c.obj
 .debug_frame   0x00000bc8      0x184 CMakeFiles/stm.elf.dir/Drivers/STM32F1xx_HAL_Driver/Src/stm32f1xx_hal_rcc.c.obj
 .debug_frame   0x00000d4c       0x5c CMakeFiles/stm.elf.dir/Drivers/STM32F1xx_HAL_Driver/Src/stm32f1xx_hal_rcc_ex.c.obj
 .debug_frame   0x00000da8       0x2c d:/myconfigure/gcc-arm-none-eabi/bin/../lib/gcc/arm-none-eabi/10.3.1/../../../../arm-none-eabi/lib/thumb/v7-m/nofp\libg.a(lib_a-init.o)
 .debug_frame   0x00000dd4       0x2c d:/myconfigure/gcc-arm-none-eabi/bin/../lib/gcc/arm-none-eabi/10.3.1/../../../../arm-none-eabi/lib/thumb/v7-m/nofp\libg.a(lib_a-memset.o)
 .debug_frame   0x00000e00       0x5c d:/myconfigure/gcc-arm-none-eabi/bin/../lib/gcc/arm-none-eabi/10.3.1/../../../../arm-none-eabi/lib/thumb/v7-m/nofp\libg.a(lib_a-__call_atexit.o)
 .debug_frame   0x00000e5c       0x20 d:/myconfigure/gcc-arm-none-eabi/bin/../lib/gcc/arm-none-eabi/10.3.1/../../../../arm-none-eabi/lib/thumb/v7-m/nofp\libg.a(lib_a-atexit.o)
 .debug_frame   0x00000e7c       0x34 d:/myconfigure/gcc-arm-none-eabi/bin/../lib/gcc/arm-none-eabi/10.3.1/../../../../arm-none-eabi/lib/thumb/v7-m/nofp\libg.a(lib_a-fini.o)
 .debug_frame   0x00000eb0       0xb0 d:/myconfigure/gcc-arm-none-eabi/bin/../lib/gcc/arm-none-eabi/10.3.1/../../../../arm-none-eabi/lib/thumb/v7-m/nofp\libg.a(lib_a-lock.o)
 .debug_frame   0x00000f60       0x34 d:/myconfigure/gcc-arm-none-eabi/bin/../lib/gcc/arm-none-eabi/10.3.1/../../../../arm-none-eabi/lib/thumb/v7-m/nofp\libg.a(lib_a-__atexit.o)
