<html>
<body>
<pre>
<h1>µVision Build Log</h1>
<h2>Tool Versions:</h2>
IDE-Version: ¦ÌVision V5.24.2.0
Copyright (C) 2017 ARM Ltd and ARM Germany GmbH. All rights reserved.
License Information: f iv, 0, LIC=KRMW3-AKSKT-45RT5-GNFWX-S64JB-8LQEK
 
Tool Versions:
Toolchain:       MDK-ARM Plus  Version: 5.24.1
Toolchain Path:  X:\MySetup\Keil_v5\ARM\ARMCC\Bin
C Compiler:      Armcc.exe V5.06 update 5 (build 528)
Assembler:       Armasm.exe V5.06 update 5 (build 528)
Linker/Locator:  ArmLink.exe V5.06 update 5 (build 528)
Library Manager: ArmAr.exe V5.06 update 5 (build 528)
Hex Converter:   FromElf.exe V5.06 update 5 (build 528)
CPU DLL:         SARMCM3.DLL V5.24.1
Dialog DLL:      DCM.DLL V1.16.0.0
Target DLL:      STLink\ST-LINKIII-KEIL_SWO.dll V3.0.1.0
Dialog DLL:      TCM.DLL V1.32.0.0
 
<h2>Project:</h2>
D:\MyStm\6-3 BreathLED\Project.uvprojx
Project File Date:  07/11/2023

<h2>Output:</h2>
*** Using Compiler 'V5.06 update 5 (build 528)', folder: 'X:\MySetup\Keil_v5\ARM\ARMCC\Bin'
Build target 'Target 1'
assembling startup_stm32f10x_md.s...
compiling system_stm32f10x.c...
Start\stm32f10x.h(52): warning:  #47-D: incompatible redefinition of macro "STM32F10X_MD" 
  #define STM32F10X_MD
Start\system_stm32f10x.c: 1 warning, 0 errors
compiling misc.c...
.\Start\stm32f10x.h(52): warning:  #47-D: incompatible redefinition of macro "STM32F10X_MD" 
  #define STM32F10X_MD
Library\misc.c: 1 warning, 0 errors
compiling core_cm3.c...
compiling stm32f10x_dac.c...
.\Start\stm32f10x.h(52): warning:  #47-D: incompatible redefinition of macro "STM32F10X_MD" 
  #define STM32F10X_MD
Library\stm32f10x_dac.c: 1 warning, 0 errors
compiling stm32f10x_dma.c...
.\Start\stm32f10x.h(52): warning:  #47-D: incompatible redefinition of macro "STM32F10X_MD" 
  #define STM32F10X_MD
Library\stm32f10x_dma.c: 1 warning, 0 errors
compiling stm32f10x_adc.c...
.\Start\stm32f10x.h(52): warning:  #47-D: incompatible redefinition of macro "STM32F10X_MD" 
  #define STM32F10X_MD
Library\stm32f10x_adc.c: 1 warning, 0 errors
compiling stm32f10x_crc.c...
.\Start\stm32f10x.h(52): warning:  #47-D: incompatible redefinition of macro "STM32F10X_MD" 
  #define STM32F10X_MD
Library\stm32f10x_crc.c: 1 warning, 0 errors
compiling stm32f10x_exti.c...
.\Start\stm32f10x.h(52): warning:  #47-D: incompatible redefinition of macro "STM32F10X_MD" 
  #define STM32F10X_MD
Library\stm32f10x_exti.c: 1 warning, 0 errors
compiling stm32f10x_can.c...
.\Start\stm32f10x.h(52): warning:  #47-D: incompatible redefinition of macro "STM32F10X_MD" 
  #define STM32F10X_MD
Library\stm32f10x_can.c: 1 warning, 0 errors
compiling stm32f10x_bkp.c...
.\Start\stm32f10x.h(52): warning:  #47-D: incompatible redefinition of macro "STM32F10X_MD" 
  #define STM32F10X_MD
Library\stm32f10x_bkp.c: 1 warning, 0 errors
compiling main.c...
.\Start\stm32f10x.h(52): warning:  #47-D: incompatible redefinition of macro "STM32F10X_MD" 
  #define STM32F10X_MD
User\main.c: 1 warning, 0 errors
compiling stm32f10x_it.c...
.\Start\stm32f10x.h(52): warning:  #47-D: incompatible redefinition of macro "STM32F10X_MD" 
  #define STM32F10X_MD
User\stm32f10x_it.c: 1 warning, 0 errors
compiling stm32f10x_cec.c...
.\Start\stm32f10x.h(52): warning:  #47-D: incompatible redefinition of macro "STM32F10X_MD" 
  #define STM32F10X_MD
Library\stm32f10x_cec.c: 1 warning, 0 errors
compiling stm32f10x_dbgmcu.c...
.\Start\stm32f10x.h(52): warning:  #47-D: incompatible redefinition of macro "STM32F10X_MD" 
  #define STM32F10X_MD
Library\stm32f10x_dbgmcu.c: 1 warning, 0 errors
compiling stm32f10x_flash.c...
.\Start\stm32f10x.h(52): warning:  #47-D: incompatible redefinition of macro "STM32F10X_MD" 
  #define STM32F10X_MD
Library\stm32f10x_flash.c: 1 warning, 0 errors
compiling stm32f10x_fsmc.c...
.\Start\stm32f10x.h(52): warning:  #47-D: incompatible redefinition of macro "STM32F10X_MD" 
  #define STM32F10X_MD
Library\stm32f10x_fsmc.c: 1 warning, 0 errors
compiling stm32f10x_gpio.c...
.\Start\stm32f10x.h(52): warning:  #47-D: incompatible redefinition of macro "STM32F10X_MD" 
  #define STM32F10X_MD
Library\stm32f10x_gpio.c: 1 warning, 0 errors
compiling stm32f10x_iwdg.c...
.\Start\stm32f10x.h(52): warning:  #47-D: incompatible redefinition of macro "STM32F10X_MD" 
  #define STM32F10X_MD
Library\stm32f10x_iwdg.c: 1 warning, 0 errors
compiling stm32f10x_rtc.c...
.\Start\stm32f10x.h(52): warning:  #47-D: incompatible redefinition of macro "STM32F10X_MD" 
  #define STM32F10X_MD
Library\stm32f10x_rtc.c: 1 warning, 0 errors
compiling stm32f10x_pwr.c...
.\Start\stm32f10x.h(52): warning:  #47-D: incompatible redefinition of macro "STM32F10X_MD" 
  #define STM32F10X_MD
Library\stm32f10x_pwr.c: 1 warning, 0 errors
compiling stm32f10x_spi.c...
.\Start\stm32f10x.h(52): warning:  #47-D: incompatible redefinition of macro "STM32F10X_MD" 
  #define STM32F10X_MD
Library\stm32f10x_spi.c: 1 warning, 0 errors
compiling stm32f10x_i2c.c...
.\Start\stm32f10x.h(52): warning:  #47-D: incompatible redefinition of macro "STM32F10X_MD" 
  #define STM32F10X_MD
Library\stm32f10x_i2c.c: 1 warning, 0 errors
compiling stm32f10x_rcc.c...
.\Start\stm32f10x.h(52): warning:  #47-D: incompatible redefinition of macro "STM32F10X_MD" 
  #define STM32F10X_MD
Library\stm32f10x_rcc.c: 1 warning, 0 errors
compiling stm32f10x_sdio.c...
.\Start\stm32f10x.h(52): warning:  #47-D: incompatible redefinition of macro "STM32F10X_MD" 
  #define STM32F10X_MD
Library\stm32f10x_sdio.c: 1 warning, 0 errors
compiling stm32f10x_wwdg.c...
.\Start\stm32f10x.h(52): warning:  #47-D: incompatible redefinition of macro "STM32F10X_MD" 
  #define STM32F10X_MD
Library\stm32f10x_wwdg.c: 1 warning, 0 errors
compiling stm32f10x_usart.c...
.\Start\stm32f10x.h(52): warning:  #47-D: incompatible redefinition of macro "STM32F10X_MD" 
  #define STM32F10X_MD
Library\stm32f10x_usart.c: 1 warning, 0 errors
compiling Timer.c...
.\Start\stm32f10x.h(52): warning:  #47-D: incompatible redefinition of macro "STM32F10X_MD" 
  #define STM32F10X_MD
System\Timer.c: 1 warning, 0 errors
compiling Delay.c...
.\Start\stm32f10x.h(52): warning:  #47-D: incompatible redefinition of macro "STM32F10X_MD" 
  #define STM32F10X_MD
System\Delay.c: 1 warning, 0 errors
compiling LED.c...
.\Start\stm32f10x.h(52): warning:  #47-D: incompatible redefinition of macro "STM32F10X_MD" 
  #define STM32F10X_MD
Hardware\LED.c: 1 warning, 0 errors
compiling stm32f10x_tim.c...
.\Start\stm32f10x.h(52): warning:  #47-D: incompatible redefinition of macro "STM32F10X_MD" 
  #define STM32F10X_MD
Library\stm32f10x_tim.c: 1 warning, 0 errors
compiling Key.c...
.\Start\stm32f10x.h(52): warning:  #47-D: incompatible redefinition of macro "STM32F10X_MD" 
  #define STM32F10X_MD
Hardware\Key.c: 1 warning, 0 errors
compiling Buzzer.c...
.\Start\stm32f10x.h(52): warning:  #47-D: incompatible redefinition of macro "STM32F10X_MD" 
  #define STM32F10X_MD
Hardware\Buzzer.c: 1 warning, 0 errors
compiling LightSensor.c...
.\Start\stm32f10x.h(52): warning:  #47-D: incompatible redefinition of macro "STM32F10X_MD" 
  #define STM32F10X_MD
Hardware\LightSensor.c: 1 warning, 0 errors
compiling PWM.c...
.\Start\stm32f10x.h(52): warning:  #47-D: incompatible redefinition of macro "STM32F10X_MD" 
  #define STM32F10X_MD
Hardware\PWM.c: 1 warning, 0 errors
compiling OLED.c...
.\Start\stm32f10x.h(52): warning:  #47-D: incompatible redefinition of macro "STM32F10X_MD" 
  #define STM32F10X_MD
Hardware\OLED.c: 1 warning, 0 errors
linking...
Program Size: Code=2420 RO-data=268 RW-data=0 ZI-data=1632  
".\Objects\Project.axf" - 0 Error(s), 34 Warning(s).

<h2>Software Packages used:</h2>

Package Vendor: Keil
                http://www.keil.com/pack/Keil.STM32F1xx_DFP.2.2.0.pack
                Keil.STM32F1xx_DFP.2.2.0
                STMicroelectronics STM32F1 Series Device Support, Drivers and Examples

<h2>Collection of Component include folders:</h2>
  .\RTE\_Target_1
  X:\MySetup\Keil_v5\Arm\Packs\Keil\STM32F1xx_DFP\2.2.0\Device\Include

<h2>Collection of Component Files used:</h2>
Build Time Elapsed:  00:00:04
</pre>
</body>
</html>
