Archive member included to satisfy reference by file (symbol)

d:/myconfigure/gcc-arm-none-eabi/bin/../lib/gcc/arm-none-eabi/10.3.1/../../../../arm-none-eabi/lib/thumb/v7-m/nofp\libg.a(lib_a-errno.o)
                              CMakeFiles/stm.elf.dir/Core/Src/syscalls.c.obj (__errno)
d:/myconfigure/gcc-arm-none-eabi/bin/../lib/gcc/arm-none-eabi/10.3.1/../../../../arm-none-eabi/lib/thumb/v7-m/nofp\libg.a(lib_a-exit.o)
                              d:/myconfigure/gcc-arm-none-eabi/bin/../lib/gcc/arm-none-eabi/10.3.1/../../../../arm-none-eabi/lib/thumb/v7-m/nofp/crt0.o (exit)
d:/myconfigure/gcc-arm-none-eabi/bin/../lib/gcc/arm-none-eabi/10.3.1/../../../../arm-none-eabi/lib/thumb/v7-m/nofp\libg.a(lib_a-impure.o)
                              d:/myconfigure/gcc-arm-none-eabi/bin/../lib/gcc/arm-none-eabi/10.3.1/../../../../arm-none-eabi/lib/thumb/v7-m/nofp\libg.a(lib_a-exit.o) (_global_impure_ptr)
d:/myconfigure/gcc-arm-none-eabi/bin/../lib/gcc/arm-none-eabi/10.3.1/../../../../arm-none-eabi/lib/thumb/v7-m/nofp\libg.a(lib_a-init.o)
                              d:/myconfigure/gcc-arm-none-eabi/bin/../lib/gcc/arm-none-eabi/10.3.1/../../../../arm-none-eabi/lib/thumb/v7-m/nofp/crt0.o (__libc_init_array)
d:/myconfigure/gcc-arm-none-eabi/bin/../lib/gcc/arm-none-eabi/10.3.1/../../../../arm-none-eabi/lib/thumb/v7-m/nofp\libg.a(lib_a-memset.o)
                              d:/myconfigure/gcc-arm-none-eabi/bin/../lib/gcc/arm-none-eabi/10.3.1/../../../../arm-none-eabi/lib/thumb/v7-m/nofp/crt0.o (memset)
d:/myconfigure/gcc-arm-none-eabi/bin/../lib/gcc/arm-none-eabi/10.3.1/../../../../arm-none-eabi/lib/thumb/v7-m/nofp\libg.a(lib_a-__call_atexit.o)
                              d:/myconfigure/gcc-arm-none-eabi/bin/../lib/gcc/arm-none-eabi/10.3.1/../../../../arm-none-eabi/lib/thumb/v7-m/nofp\libg.a(lib_a-exit.o) (__call_exitprocs)
d:/myconfigure/gcc-arm-none-eabi/bin/../lib/gcc/arm-none-eabi/10.3.1/../../../../arm-none-eabi/lib/thumb/v7-m/nofp\libg.a(lib_a-atexit.o)
                              d:/myconfigure/gcc-arm-none-eabi/bin/../lib/gcc/arm-none-eabi/10.3.1/../../../../arm-none-eabi/lib/thumb/v7-m/nofp\libg.a(lib_a-__call_atexit.o) (atexit)
d:/myconfigure/gcc-arm-none-eabi/bin/../lib/gcc/arm-none-eabi/10.3.1/../../../../arm-none-eabi/lib/thumb/v7-m/nofp\libg.a(lib_a-fini.o)
                              d:/myconfigure/gcc-arm-none-eabi/bin/../lib/gcc/arm-none-eabi/10.3.1/../../../../arm-none-eabi/lib/thumb/v7-m/nofp\libg.a(lib_a-__call_atexit.o) (__libc_fini_array)
d:/myconfigure/gcc-arm-none-eabi/bin/../lib/gcc/arm-none-eabi/10.3.1/../../../../arm-none-eabi/lib/thumb/v7-m/nofp\libg.a(lib_a-lock.o)
                              d:/myconfigure/gcc-arm-none-eabi/bin/../lib/gcc/arm-none-eabi/10.3.1/../../../../arm-none-eabi/lib/thumb/v7-m/nofp\libg.a(lib_a-__call_atexit.o) (__retarget_lock_acquire_recursive)
d:/myconfigure/gcc-arm-none-eabi/bin/../lib/gcc/arm-none-eabi/10.3.1/../../../../arm-none-eabi/lib/thumb/v7-m/nofp\libg.a(lib_a-__atexit.o)
                              d:/myconfigure/gcc-arm-none-eabi/bin/../lib/gcc/arm-none-eabi/10.3.1/../../../../arm-none-eabi/lib/thumb/v7-m/nofp\libg.a(lib_a-atexit.o) (__register_exitproc)

Discarded input sections

 .text          0x00000000        0x0 d:/myconfigure/gcc-arm-none-eabi/bin/../lib/gcc/arm-none-eabi/10.3.1/thumb/v7-m/nofp/crti.o
 .data          0x00000000        0x0 d:/myconfigure/gcc-arm-none-eabi/bin/../lib/gcc/arm-none-eabi/10.3.1/thumb/v7-m/nofp/crti.o
 .bss           0x00000000        0x0 d:/myconfigure/gcc-arm-none-eabi/bin/../lib/gcc/arm-none-eabi/10.3.1/thumb/v7-m/nofp/crti.o
 .data          0x00000000        0x4 d:/myconfigure/gcc-arm-none-eabi/bin/../lib/gcc/arm-none-eabi/10.3.1/thumb/v7-m/nofp/crtbegin.o
 .rodata        0x00000000       0x24 d:/myconfigure/gcc-arm-none-eabi/bin/../lib/gcc/arm-none-eabi/10.3.1/thumb/v7-m/nofp/crtbegin.o
 .text          0x00000000       0x7c d:/myconfigure/gcc-arm-none-eabi/bin/../lib/gcc/arm-none-eabi/10.3.1/../../../../arm-none-eabi/lib/thumb/v7-m/nofp/crt0.o
 .data          0x00000000        0x0 d:/myconfigure/gcc-arm-none-eabi/bin/../lib/gcc/arm-none-eabi/10.3.1/../../../../arm-none-eabi/lib/thumb/v7-m/nofp/crt0.o
 .bss           0x00000000        0x0 d:/myconfigure/gcc-arm-none-eabi/bin/../lib/gcc/arm-none-eabi/10.3.1/../../../../arm-none-eabi/lib/thumb/v7-m/nofp/crt0.o
 .ARM.extab     0x00000000        0x0 d:/myconfigure/gcc-arm-none-eabi/bin/../lib/gcc/arm-none-eabi/10.3.1/../../../../arm-none-eabi/lib/thumb/v7-m/nofp/crt0.o
 .ARM.exidx     0x00000000       0x10 d:/myconfigure/gcc-arm-none-eabi/bin/../lib/gcc/arm-none-eabi/10.3.1/../../../../arm-none-eabi/lib/thumb/v7-m/nofp/crt0.o
 .ARM.attributes
                0x00000000       0x1b d:/myconfigure/gcc-arm-none-eabi/bin/../lib/gcc/arm-none-eabi/10.3.1/../../../../arm-none-eabi/lib/thumb/v7-m/nofp/crt0.o
 .text          0x00000000        0x0 CMakeFiles/stm.elf.dir/Core/Src/Delay.c.obj
 .data          0x00000000        0x0 CMakeFiles/stm.elf.dir/Core/Src/Delay.c.obj
[...]
Memory Configuration

Name             Origin             Length             Attributes
RAM              0x20000000         0x00005000         xrw
FLASH            0x08000000         0x00010000         xr
*default*        0x00000000         0xffffffff

Linker script and memory map

LOAD d:/myconfigure/gcc-arm-none-eabi/bin/../lib/gcc/arm-none-eabi/10.3.1/thumb/v7-m/nofp/crti.o
LOAD d:/myconfigure/gcc-arm-none-eabi/bin/../lib/gcc/arm-none-eabi/10.3.1/thumb/v7-m/nofp/crtbegin.o
LOAD d:/myconfigure/gcc-arm-none-eabi/bin/../lib/gcc/arm-none-eabi/10.3.1/../../../../arm-none-eabi/lib/thumb/v7-m/nofp/crt0.o
LOAD CMakeFiles/stm.elf.dir/Core/Src/Delay.c.obj
LOAD CMakeFiles/stm.elf.dir/Core/Src/MPU6050.c.obj
LOAD CMakeFiles/stm.elf.dir/Core/Src/OLED.c.obj
LOAD CMakeFiles/stm.elf.dir/Core/Src/main.c.obj
LOAD CMakeFiles/stm.elf.dir/Core/Src/stm32f1xx_hal_msp.c.obj
LOAD CMakeFiles/stm.elf.dir/Core/Src/stm32f1xx_it.c.obj
LOAD CMakeFiles/stm.elf.dir/Core/Src/syscalls.c.obj
LOAD CMakeFiles/stm.elf.dir/Core/Src/sysmem.c.obj
LOAD CMakeFiles/stm.elf.dir/Core/Src/system_stm32f1xx.c.obj
LOAD CMakeFiles/stm.elf.dir/Core/Startup/startup_stm32f103c8tx.s.obj
LOAD CMakeFiles/stm.elf.dir/Drivers/STM32F1xx_HAL_Driver/Src/stm32f1xx_hal.c.obj
LOAD CMakeFiles/stm.elf.dir/Drivers/STM32F1xx_HAL_Driver/Src/stm32f1xx_hal_cortex.c.obj
LOAD CMakeFiles/stm.elf.dir/Drivers/STM32F1xx_HAL_Driver/Src/stm32f1xx_hal_dma.c.obj
LOAD CMakeFiles/stm.elf.dir/Drivers/STM32F1xx_HAL_Driver/Src/stm32f1xx_hal_exti.c.obj
LOAD CMakeFiles/stm.elf.dir/Drivers/STM32F1xx_HAL_Driver/Src/stm32f1xx_hal_flash.c.obj
LOAD CMakeFiles/stm.elf.dir/Drivers/STM32F1xx_HAL_Driver/Src/stm32f1xx_hal_flash_ex.c.obj
LOAD CMakeFiles/stm.elf.dir/Drivers/STM32F1xx_HAL_Driver/Src/stm32f1xx_hal_gpio.c.obj
LOAD CMakeFiles/stm.elf.dir/Drivers/STM32F1xx_HAL_Driver/Src/stm32f1xx_hal_gpio_ex.c.obj
LOAD CMakeFiles/stm.elf.dir/Drivers/STM32F1xx_HAL_Driver/Src/stm32f1xx_hal_i2c.c.obj
LOAD CMakeFiles/stm.elf.dir/Drivers/STM32F1xx_HAL_Driver/Src/stm32f1xx_hal_pwr.c.obj
LOAD CMakeFiles/stm.elf.dir/Drivers/STM32F1xx_HAL_Driver/Src/stm32f1xx_hal_rcc.c.obj
LOAD CMakeFiles/stm.elf.dir/Drivers/STM32F1xx_HAL_Driver/Src/stm32f1xx_hal_rcc_ex.c.obj
LOAD CMakeFiles/stm.elf.dir/Drivers/STM32F1xx_HAL_Driver/Src/stm32f1xx_hal_tim.c.obj
LOAD CMakeFiles/stm.elf.dir/Drivers/STM32F1xx_HAL_Driver/Src/stm32f1xx_hal_tim_ex.c.obj
START GROUP
LOAD d:/myconfigure/gcc-arm-none-eabi/bin/../lib/gcc/arm-none-eabi/10.3.1/thumb/v7-m/nofp\libgcc.a
LOAD d:/myconfigure/gcc-arm-none-eabi/bin/../lib/gcc/arm-none-eabi/10.3.1/../../../../arm-none-eabi/lib/thumb/v7-m/nofp\libg.a
LOAD d:/myconfigure/gcc-arm-none-eabi/bin/../lib/gcc/arm-none-eabi/10.3.1/../../../../arm-none-eabi/lib/thumb/v7-m/nofp\libc.a
END GROUP
LOAD d:/myconfigure/gcc-arm-none-eabi/bin/../lib/gcc/arm-none-eabi/10.3.1/thumb/v7-m/nofp/crtend.o
LOAD d:/myconfigure/gcc-arm-none-eabi/bin/../lib/gcc/arm-none-eabi/10.3.1/thumb/v7-m/nofp/crtn.o
                0x20005000                _estack = (ORIGIN (RAM) + LENGTH (RAM))
                0x00000200                _Min_Heap_Size = 0x200
                0x00000400                _Min_Stack_Size = 0x400

.isr_vector     0x08000000      0x10c
                0x08000000                . = ALIGN (0x4)
 *(.isr_vector)
 .isr_vector    0x08000000      0x10c CMakeFiles/stm.elf.dir/Core/Startup/startup_stm32f103c8tx.s.obj
                0x08000000                g_pfnVectors
                0x0800010c                . = ALIGN (0x4)

.text           0x0800010c     0x1f98
                0x0800010c                . = ALIGN (0x4)
 *(.text)
 .text          0x0800010c       0x40 d:/myconfigure/gcc-arm-none-eabi/bin/../lib/gcc/arm-none-eabi/10.3.1/thumb/v7-m/nofp/crtbegin.o
 *(.text*)
 .text.Sensor_I2C2_Serch
                0x0800014c       0x34 CMakeFiles/stm.elf.dir/Core/Src/MPU6050.c.obj
                0x0800014c                Sensor_I2C2_Serch
 .text.MPU6050_ReadReg
                0x08000180       0x20 CMakeFiles/stm.elf.dir/Core/Src/MPU6050.c.obj
                0x08000180                MPU6050_ReadReg
 .text.MPU6050_WriteReg
                0x080001a0       0x20 CMakeFiles/stm.elf.dir/Core/Src/MPU6050.c.obj
                0x080001a0                MPU6050_WriteReg
 .text.MPU6050_Init
                0x080001c0       0x7c CMakeFiles/stm.elf.dir/Core/Src/MPU6050.c.obj
                0x080001c0                MPU6050_Init
 .text.MPU6050_GetId
                0x0800023c       0x18 CMakeFiles/stm.elf.dir/Core/Src/MPU6050.c.obj
                0x0800023c                MPU6050_GetId
 .text.OLED_I2C_Init
                0x08000254       0x60 CMakeFiles/stm.elf.dir/Core/Src/OLED.c.obj
                0x08000254                OLED_I2C_Init
 .text.OLED_I2C_Start
                0x080002b4       0x3c CMakeFiles/stm.elf.dir/Core/Src/OLED.c.obj
                0x080002b4                OLED_I2C_Start
 .text.OLED_I2C_Stop
                0x080002f0       0x30 CMakeFiles/stm.elf.dir/Core/Src/OLED.c.obj
                0x080002f0                OLED_I2C_Stop
 .text.OLED_I2C_SendByte
                0x08000320       0x5c CMakeFiles/stm.elf.dir/Core/Src/OLED.c.obj
                0x08000320                OLED_I2C_SendByte
 .text.OLED_WriteCommand
                0x0800037c       0x20 CMakeFiles/stm.elf.dir/Core/Src/OLED.c.obj
                0x0800037c                OLED_WriteCommand
 .text.OLED_WriteData
                0x0800039c       0x20 CMakeFiles/stm.elf.dir/Core/Src/OLED.c.obj
                0x0800039c                OLED_WriteData
 .text.OLED_SetCursor
                0x080003bc       0x20 CMakeFiles/stm.elf.dir/Core/Src/OLED.c.obj
                0x080003bc                OLED_SetCursor
 .text.OLED_Clear
                0x080003dc       0x2c CMakeFiles/stm.elf.dir/Core/Src/OLED.c.obj
                0x080003dc                OLED_Clear
 .text.OLED_ShowChar
                0x08000408       0x64 CMakeFiles/stm.elf.dir/Core/Src/OLED.c.obj
                0x08000408                OLED_ShowChar
 .text.OLED_Pow
                0x0800046c       0x14 CMakeFiles/stm.elf.dir/Core/Src/OLED.c.obj
                0x0800046c                OLED_Pow
 .text.OLED_ShowNum
                0x08000480       0x50 CMakeFiles/stm.elf.dir/Core/Src/OLED.c.obj
                0x08000480                OLED_ShowNum
 .text.OLED_ShowHexNum
                0x080004d0       0x4c CMakeFiles/stm.elf.dir/Core/Src/OLED.c.obj
                0x080004d0                OLED_ShowHexNum
 .text.OLED_Init
                0x0800051c       0xae CMakeFiles/stm.elf.dir/Core/Src/OLED.c.obj
                0x0800051c                OLED_Init
 *fill*         0x080005ca        0x2 
 .text.MX_GPIO_Init
                0x080005cc       0x44 CMakeFiles/stm.elf.dir/Core/Src/main.c.obj
 .text.Error_Handler
                0x08000610        0x4 CMakeFiles/stm.elf.dir/Core/Src/main.c.obj
                0x08000610                Error_Handler
 .text.MX_I2C2_Init
                0x08000614       0x38 CMakeFiles/stm.elf.dir/Core/Src/main.c.obj
 .text.SystemClock_Config
                0x0800064c       0x52 CMakeFiles/stm.elf.dir/Core/Src/main.c.obj
                0x0800064c                SystemClock_Config
 *fill*         0x0800069e        0x2 
 .text.main     0x080006a0       0x58 CMakeFiles/stm.elf.dir/Core/Src/main.c.obj
                0x080006a0                main
 .text.HAL_MspInit
                0x080006f8       0x44 CMakeFiles/stm.elf.dir/Core/Src/stm32f1xx_hal_msp.c.obj
                0x080006f8                HAL_MspInit
 .text.HAL_I2C_MspInit
                0x0800073c       0x64 CMakeFiles/stm.elf.dir/Core/Src/stm32f1xx_hal_msp.c.obj
                0x0800073c                HAL_I2C_MspInit
 .text.NMI_Handler
                0x080007a0        0x2 CMakeFiles/stm.elf.dir/Core/Src/stm32f1xx_it.c.obj
                0x080007a0                NMI_Handler
 .text.HardFault_Handler
                0x080007a2        0x2 CMakeFiles/stm.elf.dir/Core/Src/stm32f1xx_it.c.obj
                0x080007a2                HardFault_Handler
 .text.MemManage_Handler
                0x080007a4        0x2 CMakeFiles/stm.elf.dir/Core/Src/stm32f1xx_it.c.obj
                0x080007a4                MemManage_Handler
 .text.BusFault_Handler
                0x080007a6        0x2 CMakeFiles/stm.elf.dir/Core/Src/stm32f1xx_it.c.obj
                0x080007a6                BusFault_Handler
 .text.UsageFault_Handler
                0x080007a8        0x2 CMakeFiles/stm.elf.dir/Core/Src/stm32f1xx_it.c.obj
                0x080007a8                UsageFault_Handler
 .text.SVC_Handler
                0x080007aa        0x2 CMakeFiles/stm.elf.dir/Core/Src/stm32f1xx_it.c.obj
                0x080007aa                SVC_Handler
 .text.DebugMon_Handler
                0x080007ac        0x2 CMakeFiles/stm.elf.dir/Core/Src/stm32f1xx_it.c.obj
                0x080007ac                DebugMon_Handler
 .text.PendSV_Handler
                0x080007ae        0x2 CMakeFiles/stm.elf.dir/Core/Src/stm32f1xx_it.c.obj
                0x080007ae                PendSV_Handler
 .text.SysTick_Handler
                0x080007b0        0x8 CMakeFiles/stm.elf.dir/Core/Src/stm32f1xx_it.c.obj
                0x080007b0                SysTick_Handler
 .text.SystemInit
                0x080007b8        0x2 CMakeFiles/stm.elf.dir/Core/Src/system_stm32f1xx.c.obj
                0x080007b8                SystemInit
 *fill*         0x080007ba        0x2 
 .text.Reset_Handler
                0x080007bc       0x48 CMakeFiles/stm.elf.dir/Core/Startup/startup_stm32f103c8tx.s.obj
                0x080007bc                Reset_Handler
 .text.Default_Handler
                0x08000804        0x2 CMakeFiles/stm.elf.dir/Core/Startup/startup_stm32f103c8tx.s.obj
                0x08000804                RTC_Alarm_IRQHandler
                0x08000804                EXTI2_IRQHandler
                0x08000804                TIM1_CC_IRQHandler
                0x08000804                PVD_IRQHandler
                0x08000804                EXTI3_IRQHandler
                0x08000804                EXTI0_IRQHandler
                0x08000804                I2C2_EV_IRQHandler
                0x08000804                ADC1_2_IRQHandler
                0x08000804                SPI1_IRQHandler
                0x08000804                TAMPER_IRQHandler
                0x08000804                DMA1_Channel4_IRQHandler
                0x08000804                USART3_IRQHandler
                0x08000804                RTC_IRQHandler
                0x08000804                DMA1_Channel7_IRQHandler
                0x08000804                CAN1_RX1_IRQHandler
                0x08000804                TIM4_IRQHandler
                0x08000804                I2C1_EV_IRQHandler
                0x08000804                DMA1_Channel6_IRQHandler
                0x08000804                TIM3_IRQHandler
                0x08000804                RCC_IRQHandler
                0x08000804                TIM1_TRG_COM_IRQHandler
                0x08000804                DMA1_Channel1_IRQHandler
                0x08000804                Default_Handler
                0x08000804                EXTI15_10_IRQHandler
                0x08000804                EXTI9_5_IRQHandler
                0x08000804                SPI2_IRQHandler
                0x08000804                DMA1_Channel5_IRQHandler
                0x08000804                EXTI4_IRQHandler
                0x08000804                USB_LP_CAN1_RX0_IRQHandler
                0x08000804                USB_HP_CAN1_TX_IRQHandler
                0x08000804                DMA1_Channel3_IRQHandler
                0x08000804                TIM1_UP_IRQHandler
                0x08000804                WWDG_IRQHandler
                0x08000804                TIM2_IRQHandler
                0x08000804                TIM1_BRK_IRQHandler
                0x08000804                EXTI1_IRQHandler
                0x08000804                USART2_IRQHandler
                0x08000804                I2C2_ER_IRQHandler
                0x08000804                DMA1_Channel2_IRQHandler
                0x08000804                CAN1_SCE_IRQHandler
                0x08000804                FLASH_IRQHandler
                0x08000804                USART1_IRQHandler
                0x08000804                I2C1_ER_IRQHandler
                0x08000804                USBWakeUp_IRQHandler
 *fill*         0x08000806        0x2 
 .text.HAL_InitTick
                0x08000808       0x4c CMakeFiles/stm.elf.dir/Drivers/STM32F1xx_HAL_Driver/Src/stm32f1xx_hal.c.obj
                0x08000808                HAL_InitTick
 .text.HAL_Init
                0x08000854       0x24 CMakeFiles/stm.elf.dir/Drivers/STM32F1xx_HAL_Driver/Src/stm32f1xx_hal.c.obj
                0x08000854                HAL_Init
 .text.HAL_IncTick
                0x08000878       0x18 CMakeFiles/stm.elf.dir/Drivers/STM32F1xx_HAL_Driver/Src/stm32f1xx_hal.c.obj
                0x08000878                HAL_IncTick
 .text.HAL_GetTick
                0x08000890        0xc CMakeFiles/stm.elf.dir/Drivers/STM32F1xx_HAL_Driver/Src/stm32f1xx_hal.c.obj
                0x08000890                HAL_GetTick
 .text.HAL_NVIC_SetPriorityGrouping
                0x0800089c       0x24 CMakeFiles/stm.elf.dir/Drivers/STM32F1xx_HAL_Driver/Src/stm32f1xx_hal_cortex.c.obj
                0x0800089c                HAL_NVIC_SetPriorityGrouping
 .text.HAL_NVIC_SetPriority
                0x080008c0       0x70 CMakeFiles/stm.elf.dir/Drivers/STM32F1xx_HAL_Driver/Src/stm32f1xx_hal_cortex.c.obj
                0x080008c0                HAL_NVIC_SetPriority
 .text.HAL_SYSTICK_Config
                0x08000930       0x28 CMakeFiles/stm.elf.dir/Drivers/STM32F1xx_HAL_Driver/Src/stm32f1xx_hal_cortex.c.obj
                0x08000930                HAL_SYSTICK_Config
 .text.HAL_GPIO_Init
                0x08000958      0x224 CMakeFiles/stm.elf.dir/Drivers/STM32F1xx_HAL_Driver/Src/stm32f1xx_hal_gpio.c.obj
                0x08000958                HAL_GPIO_Init
 .text.HAL_GPIO_WritePin
                0x08000b7c        0xc CMakeFiles/stm.elf.dir/Drivers/STM32F1xx_HAL_Driver/Src/stm32f1xx_hal_gpio.c.obj
                0x08000b7c                HAL_GPIO_WritePin
 .text.I2C_IsAcknowledgeFailed
                0x08000b88       0x32 CMakeFiles/stm.elf.dir/Drivers/STM32F1xx_HAL_Driver/Src/stm32f1xx_hal_i2c.c.obj
 .text.I2C_WaitOnFlagUntilTimeout
                0x08000bba       0xaa CMakeFiles/stm.elf.dir/Drivers/STM32F1xx_HAL_Driver/Src/stm32f1xx_hal_i2c.c.obj
 .text.I2C_WaitOnMasterAddressFlagUntilTimeout
                0x08000c64       0xd6 CMakeFiles/stm.elf.dir/Drivers/STM32F1xx_HAL_Driver/Src/stm32f1xx_hal_i2c.c.obj
 .text.I2C_WaitOnTXEFlagUntilTimeout
                0x08000d3a       0x5e CMakeFiles/stm.elf.dir/Drivers/STM32F1xx_HAL_Driver/Src/stm32f1xx_hal_i2c.c.obj
 .text.I2C_RequestMemoryWrite
                0x08000d98       0xd8 CMakeFiles/stm.elf.dir/Drivers/STM32F1xx_HAL_Driver/Src/stm32f1xx_hal_i2c.c.obj
 .text.I2C_RequestMemoryRead
                0x08000e70      0x154 CMakeFiles/stm.elf.dir/Drivers/STM32F1xx_HAL_Driver/Src/stm32f1xx_hal_i2c.c.obj
 .text.I2C_WaitOnBTFFlagUntilTimeout
                0x08000fc4       0x5e CMakeFiles/stm.elf.dir/Drivers/STM32F1xx_HAL_Driver/Src/stm32f1xx_hal_i2c.c.obj
 .text.I2C_WaitOnRXNEFlagUntilTimeout
                0x08001022       0x78 CMakeFiles/stm.elf.dir/Drivers/STM32F1xx_HAL_Driver/Src/stm32f1xx_hal_i2c.c.obj
 *fill*         0x0800109a        0x2 
 .text.HAL_I2C_Init
                0x0800109c      0x1bc CMakeFiles/stm.elf.dir/Drivers/STM32F1xx_HAL_Driver/Src/stm32f1xx_hal_i2c.c.obj
                0x0800109c                HAL_I2C_Init
 .text.HAL_I2C_Mem_Write
                0x08001258      0x164 CMakeFiles/stm.elf.dir/Drivers/STM32F1xx_HAL_Driver/Src/stm32f1xx_hal_i2c.c.obj
                0x08001258                HAL_I2C_Mem_Write
 .text.HAL_I2C_Mem_Read
                0x080013bc      0x348 CMakeFiles/stm.elf.dir/Drivers/STM32F1xx_HAL_Driver/Src/stm32f1xx_hal_i2c.c.obj
                0x080013bc                HAL_I2C_Mem_Read
 .text.HAL_I2C_IsDeviceReady
                0x08001704      0x194 CMakeFiles/stm.elf.dir/Drivers/STM32F1xx_HAL_Driver/Src/stm32f1xx_hal_i2c.c.obj
                0x08001704                HAL_I2C_IsDeviceReady
 .text.RCC_Delay
                0x08001898       0x2c CMakeFiles/stm.elf.dir/Drivers/STM32F1xx_HAL_Driver/Src/stm32f1xx_hal_rcc.c.obj
 .text.HAL_RCC_OscConfig
                0x080018c4      0x410 CMakeFiles/stm.elf.dir/Drivers/STM32F1xx_HAL_Driver/Src/stm32f1xx_hal_rcc.c.obj
                0x080018c4                HAL_RCC_OscConfig
 .text.HAL_RCC_GetSysClockFreq
                0x08001cd4       0x54 CMakeFiles/stm.elf.dir/Drivers/STM32F1xx_HAL_Driver/Src/stm32f1xx_hal_rcc.c.obj
                0x08001cd4                HAL_RCC_GetSysClockFreq
 .text.HAL_RCC_ClockConfig
                0x08001d28      0x16c CMakeFiles/stm.elf.dir/Drivers/STM32F1xx_HAL_Driver/Src/stm32f1xx_hal_rcc.c.obj
                0x08001d28                HAL_RCC_ClockConfig
 .text.HAL_RCC_GetHCLKFreq
                0x08001e94        0xc CMakeFiles/stm.elf.dir/Drivers/STM32F1xx_HAL_Driver/Src/stm32f1xx_hal_rcc.c.obj
                0x08001e94                HAL_RCC_GetHCLKFreq
 .text.HAL_RCC_GetPCLK1Freq
                0x08001ea0       0x20 CMakeFiles/stm.elf.dir/Drivers/STM32F1xx_HAL_Driver/Src/stm32f1xx_hal_rcc.c.obj
                0x08001ea0                HAL_RCC_GetPCLK1Freq
 .text.__libc_init_array
                0x08001ec0       0x48 d:/myconfigure/gcc-arm-none-eabi/bin/../lib/gcc/arm-none-eabi/10.3.1/../../../../arm-none-eabi/lib/thumb/v7-m/nofp\libg.a(lib_a-init.o)
                0x08001ec0                __libc_init_array
 .text.memset   0x08001f08       0xa4 d:/myconfigure/gcc-arm-none-eabi/bin/../lib/gcc/arm-none-eabi/10.3.1/../../../../arm-none-eabi/lib/thumb/v7-m/nofp\libg.a(lib_a-memset.o)
                0x08001f08                memset
 .text.startup.register_fini
                0x08001fac       0x14 d:/myconfigure/gcc-arm-none-eabi/bin/../lib/gcc/arm-none-eabi/10.3.1/../../../../arm-none-eabi/lib/thumb/v7-m/nofp\libg.a(lib_a-__call_atexit.o)
 .text.atexit   0x08001fc0        0xc d:/myconfigure/gcc-arm-none-eabi/bin/../lib/gcc/arm-none-eabi/10.3.1/../../../../arm-none-eabi/lib/thumb/v7-m/nofp\libg.a(lib_a-atexit.o)
                0x08001fc0                atexit
 .text.__libc_fini_array
                0x08001fcc       0x2c d:/myconfigure/gcc-arm-none-eabi/bin/../lib/gcc/arm-none-eabi/10.3.1/../../../../arm-none-eabi/lib/thumb/v7-m/nofp\libg.a(lib_a-fini.o)
                0x08001fcc                __libc_fini_array
 .text.__retarget_lock_acquire_recursive
                0x08001ff8        0x4 d:/myconfigure/gcc-arm-none-eabi/bin/../lib/gcc/arm-none-eabi/10.3.1/../../../../arm-none-eabi/lib/thumb/v7-m/nofp\libg.a(lib_a-lock.o)
                0x08001ff8                __retarget_lock_acquire_recursive
 .text.__retarget_lock_release_recursive
                0x08001ffc        0x4 d:/myconfigure/gcc-arm-none-eabi/bin/../lib/gcc/arm-none-eabi/10.3.1/../../../../arm-none-eabi/lib/thumb/v7-m/nofp\libg.a(lib_a-lock.o)
                0x08001ffc                __retarget_lock_release_recursive
 .text.__register_exitproc
                0x08002000       0x8c d:/myconfigure/gcc-arm-none-eabi/bin/../lib/gcc/arm-none-eabi/10.3.1/../../../../arm-none-eabi/lib/thumb/v7-m/nofp\libg.a(lib_a-__atexit.o)
                0x08002000                __register_exitproc
 *(.glue_7)
 .glue_7        0x0800208c        0x0 linker stubs
 *(.glue_7t)
 .glue_7t       0x0800208c        0x0 linker stubs
 *(.eh_frame)
 .eh_frame      0x0800208c        0x0 d:/myconfigure/gcc-arm-none-eabi/bin/../lib/gcc/arm-none-eabi/10.3.1/thumb/v7-m/nofp/crtbegin.o
 *(.init)
 .init          0x0800208c        0x4 d:/myconfigure/gcc-arm-none-eabi/bin/../lib/gcc/arm-none-eabi/10.3.1/thumb/v7-m/nofp/crti.o
                0x0800208c                _init
 .init          0x08002090        0x8 d:/myconfigure/gcc-arm-none-eabi/bin/../lib/gcc/arm-none-eabi/10.3.1/thumb/v7-m/nofp/crtn.o
 *(.fini)
 .fini          0x08002098        0x4 d:/myconfigure/gcc-arm-none-eabi/bin/../lib/gcc/arm-none-eabi/10.3.1/thumb/v7-m/nofp/crti.o
                0x08002098                _fini
 .fini          0x0800209c        0x8 d:/myconfigure/gcc-arm-none-eabi/bin/../lib/gcc/arm-none-eabi/10.3.1/thumb/v7-m/nofp/crtn.o
                0x080020a4                . = ALIGN (0x4)
                0x080020a4                _etext = .

.vfp11_veneer   0x080020a4        0x0
 .vfp11_veneer  0x080020a4        0x0 linker stubs

.v4_bx          0x080020a4        0x0
 .v4_bx         0x080020a4        0x0 linker stubs

.iplt           0x080020a4        0x0
 .iplt          0x080020a4        0x0 d:/myconfigure/gcc-arm-none-eabi/bin/../lib/gcc/arm-none-eabi/10.3.1/thumb/v7-m/nofp/crtbegin.o

.rodata         0x080020a4      0x620
                0x080020a4                . = ALIGN (0x4)
 *(.rodata)
 *(.rodata*)
 .rodata.OLED_F8x16
                0x080020a4      0x5f0 CMakeFiles/stm.elf.dir/Core/Src/OLED.c.obj
                0x080020a4                OLED_F8x16
 .rodata.AHBPrescTable
                0x08002694       0x10 CMakeFiles/stm.elf.dir/Core/Src/system_stm32f1xx.c.obj
                0x08002694                AHBPrescTable
 .rodata.APBPrescTable
                0x080026a4        0x8 CMakeFiles/stm.elf.dir/Core/Src/system_stm32f1xx.c.obj
                0x080026a4                APBPrescTable
 .rodata.aPLLMULFactorTable.1
                0x080026ac       0x10 CMakeFiles/stm.elf.dir/Drivers/STM32F1xx_HAL_Driver/Src/stm32f1xx_hal_rcc.c.obj
 .rodata.aPredivFactorTable.0
                0x080026bc        0x2 CMakeFiles/stm.elf.dir/Drivers/STM32F1xx_HAL_Driver/Src/stm32f1xx_hal_rcc.c.obj
 *fill*         0x080026be        0x2 
 .rodata._global_impure_ptr
                0x080026c0        0x4 d:/myconfigure/gcc-arm-none-eabi/bin/../lib/gcc/arm-none-eabi/10.3.1/../../../../arm-none-eabi/lib/thumb/v7-m/nofp\libg.a(lib_a-impure.o)
                0x080026c0                _global_impure_ptr
                0x080026c4                . = ALIGN (0x4)

.rel.dyn        0x080026c4        0x0
 .rel.iplt      0x080026c4        0x0 d:/myconfigure/gcc-arm-none-eabi/bin/../lib/gcc/arm-none-eabi/10.3.1/thumb/v7-m/nofp/crtbegin.o

.ARM.extab      0x080026c4        0x0
                0x080026c4                . = ALIGN (0x4)
 *(.ARM.extab* .gnu.linkonce.armextab.*)
                0x080026c4                . = ALIGN (0x4)

.ARM            0x080026c4        0x0
                0x080026c4                . = ALIGN (0x4)
                0x080026c4                __exidx_start = .
 *(.ARM.exidx*)
                0x080026c4                __exidx_end = .
                0x080026c4                . = ALIGN (0x4)

.preinit_array  0x080026c4        0x0
                0x080026c4                . = ALIGN (0x4)
                0x080026c4                PROVIDE (__preinit_array_start = .)
 *(.preinit_array*)
                0x080026c4                PROVIDE (__preinit_array_end = .)
                0x080026c4                . = ALIGN (0x4)

.init_array     0x080026c4        0x8
                0x080026c4                . = ALIGN (0x4)
                0x080026c4                PROVIDE (__init_array_start = .)
 *(SORT_BY_NAME(.init_array.*))
 .init_array.00000
                0x080026c4        0x4 d:/myconfigure/gcc-arm-none-eabi/bin/../lib/gcc/arm-none-eabi/10.3.1/../../../../arm-none-eabi/lib/thumb/v7-m/nofp\libg.a(lib_a-__call_atexit.o)
 *(.init_array*)
 .init_array    0x080026c8        0x4 d:/myconfigure/gcc-arm-none-eabi/bin/../lib/gcc/arm-none-eabi/10.3.1/thumb/v7-m/nofp/crtbegin.o
                0x080026cc                PROVIDE (__init_array_end = .)
                0x080026cc                . = ALIGN (0x4)

.fini_array     0x080026cc        0x4
                0x080026cc                . = ALIGN (0x4)
                0x080026cc                PROVIDE (__fini_array_start = .)
 *(SORT_BY_NAME(.fini_array.*))
 *(.fini_array*)
 .fini_array    0x080026cc        0x4 d:/myconfigure/gcc-arm-none-eabi/bin/../lib/gcc/arm-none-eabi/10.3.1/thumb/v7-m/nofp/crtbegin.o
                0x080026d0                PROVIDE (__fini_array_end = .)
                0x080026d0                . = ALIGN (0x4)
                0x080026d0                _sidata = LOADADDR (.data)

.data           0x20000000      0x43c load address 0x080026d0
                0x20000000                . = ALIGN (0x4)
                0x20000000                _sdata = .
 *(.data)
 *(.data*)
 .data.MPU6050_ADDR
                0x20000000        0x2 CMakeFiles/stm.elf.dir/Core/Src/MPU6050.c.obj
 *fill*         0x20000002        0x2 
 .data.SystemCoreClock
                0x20000004        0x4 CMakeFiles/stm.elf.dir/Core/Src/system_stm32f1xx.c.obj
                0x20000004                SystemCoreClock
 .data.uwTickFreq
                0x20000008        0x1 CMakeFiles/stm.elf.dir/Drivers/STM32F1xx_HAL_Driver/Src/stm32f1xx_hal.c.obj
                0x20000008                uwTickFreq
 *fill*         0x20000009        0x3 
 .data.uwTickPrio
                0x2000000c        0x4 CMakeFiles/stm.elf.dir/Drivers/STM32F1xx_HAL_Driver/Src/stm32f1xx_hal.c.obj
                0x2000000c                uwTickPrio
 .data.impure_data
                0x20000010      0x428 d:/myconfigure/gcc-arm-none-eabi/bin/../lib/gcc/arm-none-eabi/10.3.1/../../../../arm-none-eabi/lib/thumb/v7-m/nofp\libg.a(lib_a-impure.o)
 .data.__atexit_recursive_mutex
                0x20000438        0x4 d:/myconfigure/gcc-arm-none-eabi/bin/../lib/gcc/arm-none-eabi/10.3.1/../../../../arm-none-eabi/lib/thumb/v7-m/nofp\libg.a(lib_a-__call_atexit.o)
                0x20000438                __atexit_recursive_mutex
 *(.RamFunc)
 *(.RamFunc*)
                0x2000043c                . = ALIGN (0x4)
                0x2000043c                _edata = .

.igot.plt       0x2000043c        0x0 load address 0x08002b0c
 .igot.plt      0x2000043c        0x0 d:/myconfigure/gcc-arm-none-eabi/bin/../lib/gcc/arm-none-eabi/10.3.1/thumb/v7-m/nofp/crtbegin.o
                0x2000043c                . = ALIGN (0x4)

.bss            0x2000043c       0x78 load address 0x08002b0c
                0x2000043c                _sbss = .
                0x2000043c                __bss_start__ = _sbss
 *(.bss)
 .bss           0x2000043c       0x1c d:/myconfigure/gcc-arm-none-eabi/bin/../lib/gcc/arm-none-eabi/10.3.1/thumb/v7-m/nofp/crtbegin.o
 *(.bss*)
 .bss.hi2c2     0x20000458       0x54 CMakeFiles/stm.elf.dir/Core/Src/main.c.obj
                0x20000458                hi2c2
 .bss.uwTick    0x200004ac        0x4 CMakeFiles/stm.elf.dir/Drivers/STM32F1xx_HAL_Driver/Src/stm32f1xx_hal.c.obj
                0x200004ac                uwTick
 .bss.__lock___atexit_recursive_mutex
                0x200004b0        0x1 d:/myconfigure/gcc-arm-none-eabi/bin/../lib/gcc/arm-none-eabi/10.3.1/../../../../arm-none-eabi/lib/thumb/v7-m/nofp\libg.a(lib_a-lock.o)
                0x200004b0                __lock___atexit_recursive_mutex
 *(COMMON)
                0x200004b4                . = ALIGN (0x4)
 *fill*         0x200004b1        0x3 
                0x200004b4                _ebss = .
                0x200004b4                __bss_end__ = _ebss

._user_heap_stack
                0x200004b4      0x604 load address 0x08002b0c
                0x200004b8                . = ALIGN (0x8)
 *fill*         0x200004b4        0x4 
                [!provide]                PROVIDE (end = .)
                0x200004b8                PROVIDE (_end = .)
                0x200006b8                . = (. + _Min_Heap_Size)
 *fill*         0x200004b8      0x200 
                0x20000ab8                . = (. + _Min_Stack_Size)
 *fill*         0x200006b8      0x400 
                0x20000ab8                . = ALIGN (0x8)

/DISCARD/
 libc.a(*)
 libm.a(*)
 libgcc.a(*)

.ARM.attributes
                0x00000000       0x29
 *(.ARM.attributes)
 .ARM.attributes
                0x00000000       0x1d d:/myconfigure/gcc-arm-none-eabi/bin/../lib/gcc/arm-none-eabi/10.3.1/thumb/v7-m/nofp/crti.o
 .ARM.attributes
                0x0000001d       0x2d d:/myconfigure/gcc-arm-none-eabi/bin/../lib/gcc/arm-none-eabi/10.3.1/thumb/v7-m/nofp/crtbegin.o
 .ARM.attributes
                0x0000004a       0x2d CMakeFiles/stm.elf.dir/Core/Src/MPU6050.c.obj
 .ARM.attributes
                0x00000077       0x2d CMakeFiles/stm.elf.dir/Core/Src/OLED.c.obj
 .ARM.attributes
                0x000000a4       0x2d CMakeFiles/stm.elf.dir/Core/Src/main.c.obj
 .ARM.attributes
                0x000000d1       0x2d CMakeFiles/stm.elf.dir/Core/Src/stm32f1xx_hal_msp.c.obj
 .ARM.attributes
                0x000000fe       0x2d CMakeFiles/stm.elf.dir/Core/Src/stm32f1xx_it.c.obj
 .ARM.attributes
                0x0000012b       0x2d CMakeFiles/stm.elf.dir/Core/Src/system_stm32f1xx.c.obj
 .ARM.attributes
                0x00000158       0x21 CMakeFiles/stm.elf.dir/Core/Startup/startup_stm32f103c8tx.s.obj
 .ARM.attributes
                0x00000179       0x2d CMakeFiles/stm.elf.dir/Drivers/STM32F1xx_HAL_Driver/Src/stm32f1xx_hal.c.obj
 .ARM.attributes
                0x000001a6       0x2d CMakeFiles/stm.elf.dir/Drivers/STM32F1xx_HAL_Driver/Src/stm32f1xx_hal_cortex.c.obj
 .ARM.attributes
                0x000001d3       0x2d CMakeFiles/stm.elf.dir/Drivers/STM32F1xx_HAL_Driver/Src/stm32f1xx_hal_gpio.c.obj
 .ARM.attributes
                0x00000200       0x2d CMakeFiles/stm.elf.dir/Drivers/STM32F1xx_HAL_Driver/Src/stm32f1xx_hal_i2c.c.obj
 .ARM.attributes
                0x0000022d       0x2d CMakeFiles/stm.elf.dir/Drivers/STM32F1xx_HAL_Driver/Src/stm32f1xx_hal_rcc.c.obj
 .ARM.attributes
                0x0000025a       0x2d d:/myconfigure/gcc-arm-none-eabi/bin/../lib/gcc/arm-none-eabi/10.3.1/../../../../arm-none-eabi/lib/thumb/v7-m/nofp\libg.a(lib_a-impure.o)
 .ARM.attributes
                0x00000287       0x2d d:/myconfigure/gcc-arm-none-eabi/bin/../lib/gcc/arm-none-eabi/10.3.1/../../../../arm-none-eabi/lib/thumb/v7-m/nofp\libg.a(lib_a-init.o)
 .ARM.attributes
                0x000002b4       0x2d d:/myconfigure/gcc-arm-none-eabi/bin/../lib/gcc/arm-none-eabi/10.3.1/../../../../arm-none-eabi/lib/thumb/v7-m/nofp\libg.a(lib_a-memset.o)
 .ARM.attributes
                0x000002e1       0x2d d:/myconfigure/gcc-arm-none-eabi/bin/../lib/gcc/arm-none-eabi/10.3.1/../../../../arm-none-eabi/lib/thumb/v7-m/nofp\libg.a(lib_a-__call_atexit.o)
 .ARM.attributes
                0x0000030e       0x2d d:/myconfigure/gcc-arm-none-eabi/bin/../lib/gcc/arm-none-eabi/10.3.1/../../../../arm-none-eabi/lib/thumb/v7-m/nofp\libg.a(lib_a-atexit.o)
 .ARM.attributes
                0x0000033b       0x2d d:/myconfigure/gcc-arm-none-eabi/bin/../lib/gcc/arm-none-eabi/10.3.1/../../../../arm-none-eabi/lib/thumb/v7-m/nofp\libg.a(lib_a-fini.o)
 .ARM.attributes
                0x00000368       0x2d d:/myconfigure/gcc-arm-none-eabi/bin/../lib/gcc/arm-none-eabi/10.3.1/../../../../arm-none-eabi/lib/thumb/v7-m/nofp\libg.a(lib_a-lock.o)
 .ARM.attributes
                0x00000395       0x2d d:/myconfigure/gcc-arm-none-eabi/bin/../lib/gcc/arm-none-eabi/10.3.1/../../../../arm-none-eabi/lib/thumb/v7-m/nofp\libg.a(lib_a-__atexit.o)
 .ARM.attributes
                0x000003c2       0x1d d:/myconfigure/gcc-arm-none-eabi/bin/../lib/gcc/arm-none-eabi/10.3.1/thumb/v7-m/nofp/crtn.o
OUTPUT(stm.elf elf32-littlearm)
LOAD linker stubs
LOAD d:/myconfigure/gcc-arm-none-eabi/bin/../lib/gcc/arm-none-eabi/10.3.1/../../../../arm-none-eabi/lib/thumb/v7-m/nofp\libc.a
LOAD d:/myconfigure/gcc-arm-none-eabi/bin/../lib/gcc/arm-none-eabi/10.3.1/../../../../arm-none-eabi/lib/thumb/v7-m/nofp\libm.a
LOAD d:/myconfigure/gcc-arm-none-eabi/bin/../lib/gcc/arm-none-eabi/10.3.1/thumb/v7-m/nofp\libgcc.a

.debug_info     0x00000000     0x8e29
 .debug_info    0x00000000      0x8d6 CMakeFiles/stm.elf.dir/Core/Src/MPU6050.c.obj
 .debug_info    0x000008d6      0xdd9 CMakeFiles/stm.elf.dir/Core/Src/OLED.c.obj
 .debug_info    0x000016af      0xa57 CMakeFiles/stm.elf.dir/Core/Src/main.c.obj
 .debug_info    0x00002106      0x8f7 CMakeFiles/stm.elf.dir/Core/Src/stm32f1xx_hal_msp.c.obj
 .debug_info    0x000029fd      0x130 CMakeFiles/stm.elf.dir/Core/Src/stm32f1xx_it.c.obj
 .debug_info    0x00002b2d      0x248 CMakeFiles/stm.elf.dir/Core/Src/system_stm32f1xx.c.obj
 .debug_info    0x00002d75       0x22 CMakeFiles/stm.elf.dir/Core/Startup/startup_stm32f103c8tx.s.obj
 .debug_info    0x00002d97      0x7a8 CMakeFiles/stm.elf.dir/Drivers/STM32F1xx_HAL_Driver/Src/stm32f1xx_hal.c.obj
 .debug_info    0x0000353f      0xd8a CMakeFiles/stm.elf.dir/Drivers/STM32F1xx_HAL_Driver/Src/stm32f1xx_hal_cortex.c.obj
 .debug_info    0x000042c9      0x66f CMakeFiles/stm.elf.dir/Drivers/STM32F1xx_HAL_Driver/Src/stm32f1xx_hal_gpio.c.obj
 .debug_info    0x00004938     0x3ab6 CMakeFiles/stm.elf.dir/Drivers/STM32F1xx_HAL_Driver/Src/stm32f1xx_hal_i2c.c.obj
 .debug_info    0x000083ee      0xa3b CMakeFiles/stm.elf.dir/Drivers/STM32F1xx_HAL_Driver/Src/stm32f1xx_hal_rcc.c.obj

.debug_abbrev   0x00000000     0x1594
 .debug_abbrev  0x00000000      0x1cf CMakeFiles/stm.elf.dir/Core/Src/MPU6050.c.obj
 .debug_abbrev  0x000001cf      0x1ea CMakeFiles/stm.elf.dir/Core/Src/OLED.c.obj
 .debug_abbrev  0x000003b9      0x235 CMakeFiles/stm.elf.dir/Core/Src/main.c.obj
 .debug_abbrev  0x000005ee      0x1b0 CMakeFiles/stm.elf.dir/Core/Src/stm32f1xx_hal_msp.c.obj
 .debug_abbrev  0x0000079e       0x7e CMakeFiles/stm.elf.dir/Core/Src/stm32f1xx_it.c.obj
 .debug_abbrev  0x0000081c      0x13e CMakeFiles/stm.elf.dir/Core/Src/system_stm32f1xx.c.obj
 .debug_abbrev  0x0000095a       0x12 CMakeFiles/stm.elf.dir/Core/Startup/startup_stm32f103c8tx.s.obj
 .debug_abbrev  0x0000096c      0x1f4 CMakeFiles/stm.elf.dir/Drivers/STM32F1xx_HAL_Driver/Src/stm32f1xx_hal.c.obj
 .debug_abbrev  0x00000b60      0x341 CMakeFiles/stm.elf.dir/Drivers/STM32F1xx_HAL_Driver/Src/stm32f1xx_hal_cortex.c.obj
 .debug_abbrev  0x00000ea1      0x1e6 CMakeFiles/stm.elf.dir/Drivers/STM32F1xx_HAL_Driver/Src/stm32f1xx_hal_gpio.c.obj
 .debug_abbrev  0x00001087      0x293 CMakeFiles/stm.elf.dir/Drivers/STM32F1xx_HAL_Driver/Src/stm32f1xx_hal_i2c.c.obj
 .debug_abbrev  0x0000131a      0x27a CMakeFiles/stm.elf.dir/Drivers/STM32F1xx_HAL_Driver/Src/stm32f1xx_hal_rcc.c.obj

.debug_loc      0x00000000     0x5f4c
 .debug_loc     0x00000000      0x196 CMakeFiles/stm.elf.dir/Core/Src/MPU6050.c.obj
 .debug_loc     0x00000196      0x77c CMakeFiles/stm.elf.dir/Core/Src/OLED.c.obj
 .debug_loc     0x00000912       0x7c CMakeFiles/stm.elf.dir/Core/Src/stm32f1xx_hal_msp.c.obj
 .debug_loc     0x0000098e       0xff CMakeFiles/stm.elf.dir/Core/Src/system_stm32f1xx.c.obj
 .debug_loc     0x00000a8d      0x141 CMakeFiles/stm.elf.dir/Drivers/STM32F1xx_HAL_Driver/Src/stm32f1xx_hal.c.obj
 .debug_loc     0x00000bce      0x71f CMakeFiles/stm.elf.dir/Drivers/STM32F1xx_HAL_Driver/Src/stm32f1xx_hal_cortex.c.obj
 .debug_loc     0x000012ed      0x47d CMakeFiles/stm.elf.dir/Drivers/STM32F1xx_HAL_Driver/Src/stm32f1xx_hal_gpio.c.obj
 .debug_loc     0x0000176a     0x41ca CMakeFiles/stm.elf.dir/Drivers/STM32F1xx_HAL_Driver/Src/stm32f1xx_hal_i2c.c.obj
 .debug_loc     0x00005934      0x618 CMakeFiles/stm.elf.dir/Drivers/STM32F1xx_HAL_Driver/Src/stm32f1xx_hal_rcc.c.obj

.debug_aranges  0x00000000      0x6f8
 .debug_aranges
                0x00000000       0x40 CMakeFiles/stm.elf.dir/Core/Src/MPU6050.c.obj
 .debug_aranges
                0x00000040       0x98 CMakeFiles/stm.elf.dir/Core/Src/OLED.c.obj
 .debug_aranges
                0x000000d8       0x40 CMakeFiles/stm.elf.dir/Core/Src/main.c.obj
 .debug_aranges
                0x00000118       0x30 CMakeFiles/stm.elf.dir/Core/Src/stm32f1xx_hal_msp.c.obj
 .debug_aranges
                0x00000148       0x60 CMakeFiles/stm.elf.dir/Core/Src/stm32f1xx_it.c.obj
 .debug_aranges
                0x000001a8       0x28 CMakeFiles/stm.elf.dir/Core/Src/system_stm32f1xx.c.obj
 .debug_aranges
                0x000001d0       0x28 CMakeFiles/stm.elf.dir/Core/Startup/startup_stm32f103c8tx.s.obj
 .debug_aranges
                0x000001f8       0xe0 CMakeFiles/stm.elf.dir/Drivers/STM32F1xx_HAL_Driver/Src/stm32f1xx_hal.c.obj
 .debug_aranges
                0x000002d8       0x90 CMakeFiles/stm.elf.dir/Drivers/STM32F1xx_HAL_Driver/Src/stm32f1xx_hal_cortex.c.obj
 .debug_aranges
                0x00000368       0x58 CMakeFiles/stm.elf.dir/Drivers/STM32F1xx_HAL_Driver/Src/stm32f1xx_hal_gpio.c.obj
 .debug_aranges
                0x000003c0      0x2a8 CMakeFiles/stm.elf.dir/Drivers/STM32F1xx_HAL_Driver/Src/stm32f1xx_hal_i2c.c.obj
 .debug_aranges
                0x00000668       0x90 CMakeFiles/stm.elf.dir/Drivers/STM32F1xx_HAL_Driver/Src/stm32f1xx_hal_rcc.c.obj

.debug_ranges   0x00000000      0x6d8
 .debug_ranges  0x00000000       0x30 CMakeFiles/stm.elf.dir/Core/Src/MPU6050.c.obj
 .debug_ranges  0x00000030       0x88 CMakeFiles/stm.elf.dir/Core/Src/OLED.c.obj
 .debug_ranges  0x000000b8       0x30 CMakeFiles/stm.elf.dir/Core/Src/main.c.obj
 .debug_ranges  0x000000e8       0x20 CMakeFiles/stm.elf.dir/Core/Src/stm32f1xx_hal_msp.c.obj
 .debug_ranges  0x00000108       0x50 CMakeFiles/stm.elf.dir/Core/Src/stm32f1xx_it.c.obj
 .debug_ranges  0x00000158       0x18 CMakeFiles/stm.elf.dir/Core/Src/system_stm32f1xx.c.obj
 .debug_ranges  0x00000170       0x20 CMakeFiles/stm.elf.dir/Core/Startup/startup_stm32f103c8tx.s.obj
 .debug_ranges  0x00000190       0xd0 CMakeFiles/stm.elf.dir/Drivers/STM32F1xx_HAL_Driver/Src/stm32f1xx_hal.c.obj
 .debug_ranges  0x00000260       0xe0 CMakeFiles/stm.elf.dir/Drivers/STM32F1xx_HAL_Driver/Src/stm32f1xx_hal_cortex.c.obj
 .debug_ranges  0x00000340       0x48 CMakeFiles/stm.elf.dir/Drivers/STM32F1xx_HAL_Driver/Src/stm32f1xx_hal_gpio.c.obj
 .debug_ranges  0x00000388      0x2b0 CMakeFiles/stm.elf.dir/Drivers/STM32F1xx_HAL_Driver/Src/stm32f1xx_hal_i2c.c.obj
 .debug_ranges  0x00000638       0xa0 CMakeFiles/stm.elf.dir/Drivers/STM32F1xx_HAL_Driver/Src/stm32f1xx_hal_rcc.c.obj

.debug_line     0x00000000     0x87d5
 .debug_line    0x00000000      0x2df CMakeFiles/stm.elf.dir/Core/Src/MPU6050.c.obj
 .debug_line    0x000002df      0x6f8 CMakeFiles/stm.elf.dir/Core/Src/OLED.c.obj
 .debug_line    0x000009d7      0x3fb CMakeFiles/stm.elf.dir/Core/Src/main.c.obj
 .debug_line    0x00000dd2      0x277 CMakeFiles/stm.elf.dir/Core/Src/stm32f1xx_hal_msp.c.obj
 .debug_line    0x00001049      0x199 CMakeFiles/stm.elf.dir/Core/Src/stm32f1xx_it.c.obj
 .debug_line    0x000011e2      0x228 CMakeFiles/stm.elf.dir/Core/Src/system_stm32f1xx.c.obj
 .debug_line    0x0000140a       0x94 CMakeFiles/stm.elf.dir/Core/Startup/startup_stm32f103c8tx.s.obj
 .debug_line    0x0000149e      0x532 CMakeFiles/stm.elf.dir/Drivers/STM32F1xx_HAL_Driver/Src/stm32f1xx_hal.c.obj
 .debug_line    0x000019d0      0x62c CMakeFiles/stm.elf.dir/Drivers/STM32F1xx_HAL_Driver/Src/stm32f1xx_hal_cortex.c.obj
 .debug_line    0x00001ffc      0x5d4 CMakeFiles/stm.elf.dir/Drivers/STM32F1xx_HAL_Driver/Src/stm32f1xx_hal_gpio.c.obj
 .debug_line    0x000025d0     0x55f4 CMakeFiles/stm.elf.dir/Drivers/STM32F1xx_HAL_Driver/Src/stm32f1xx_hal_i2c.c.obj
 .debug_line    0x00007bc4      0xc11 CMakeFiles/stm.elf.dir/Drivers/STM32F1xx_HAL_Driver/Src/stm32f1xx_hal_rcc.c.obj

.debug_str      0x00000000     0x2230
 .debug_str     0x00000000      0x684 CMakeFiles/stm.elf.dir/Core/Src/MPU6050.c.obj
                                0x725 (size before relaxing)
 .debug_str     0x00000684      0x20b CMakeFiles/stm.elf.dir/Core/Src/OLED.c.obj
                                0x3f9 (size before relaxing)
 .debug_str     0x0000088f      0x1cc CMakeFiles/stm.elf.dir/Core/Src/main.c.obj
                                0x8ad (size before relaxing)
 .debug_str     0x00000a5b       0xaf CMakeFiles/stm.elf.dir/Core/Src/stm32f1xx_hal_msp.c.obj
                                0x73d (size before relaxing)
 .debug_str     0x00000b0a       0xc5 CMakeFiles/stm.elf.dir/Core/Src/stm32f1xx_it.c.obj
                                0x23c (size before relaxing)
 .debug_str     0x00000bcf       0x8c CMakeFiles/stm.elf.dir/Core/Src/system_stm32f1xx.c.obj
                                0x26e (size before relaxing)
 .debug_str     0x00000c5b       0x44 CMakeFiles/stm.elf.dir/Core/Startup/startup_stm32f103c8tx.s.obj
                                 0x67 (size before relaxing)
 .debug_str     0x00000c9f      0x606 CMakeFiles/stm.elf.dir/Drivers/STM32F1xx_HAL_Driver/Src/stm32f1xx_hal.c.obj
                                0x83e (size before relaxing)
 .debug_str     0x000012a5      0x3c9 CMakeFiles/stm.elf.dir/Drivers/STM32F1xx_HAL_Driver/Src/stm32f1xx_hal_cortex.c.obj
                                0x8ed (size before relaxing)
 .debug_str     0x0000166e      0x11a CMakeFiles/stm.elf.dir/Drivers/STM32F1xx_HAL_Driver/Src/stm32f1xx_hal_gpio.c.obj
                                0x41a (size before relaxing)
 .debug_str     0x00001788      0x8c6 CMakeFiles/stm.elf.dir/Drivers/STM32F1xx_HAL_Driver/Src/stm32f1xx_hal_i2c.c.obj
                                0xfdf (size before relaxing)
 .debug_str     0x0000204e      0x1e2 CMakeFiles/stm.elf.dir/Drivers/STM32F1xx_HAL_Driver/Src/stm32f1xx_hal_rcc.c.obj
                                0x645 (size before relaxing)

.comment        0x00000000       0x49
 .comment       0x00000000       0x49 CMakeFiles/stm.elf.dir/Core/Src/MPU6050.c.obj
                                 0x4a (size before relaxing)
 .comment       0x00000049       0x4a CMakeFiles/stm.elf.dir/Core/Src/OLED.c.obj
 .comment       0x00000049       0x4a CMakeFiles/stm.elf.dir/Core/Src/main.c.obj
 .comment       0x00000049       0x4a CMakeFiles/stm.elf.dir/Core/Src/stm32f1xx_hal_msp.c.obj
 .comment       0x00000049       0x4a CMakeFiles/stm.elf.dir/Core/Src/stm32f1xx_it.c.obj
 .comment       0x00000049       0x4a CMakeFiles/stm.elf.dir/Core/Src/system_stm32f1xx.c.obj
 .comment       0x00000049       0x4a CMakeFiles/stm.elf.dir/Drivers/STM32F1xx_HAL_Driver/Src/stm32f1xx_hal.c.obj
 .comment       0x00000049       0x4a CMakeFiles/stm.elf.dir/Drivers/STM32F1xx_HAL_Driver/Src/stm32f1xx_hal_cortex.c.obj
 .comment       0x00000049       0x4a CMakeFiles/stm.elf.dir/Drivers/STM32F1xx_HAL_Driver/Src/stm32f1xx_hal_gpio.c.obj
 .comment       0x00000049       0x4a CMakeFiles/stm.elf.dir/Drivers/STM32F1xx_HAL_Driver/Src/stm32f1xx_hal_i2c.c.obj
 .comment       0x00000049       0x4a CMakeFiles/stm.elf.dir/Drivers/STM32F1xx_HAL_Driver/Src/stm32f1xx_hal_rcc.c.obj

.debug_frame    0x00000000     0x14f4
 .debug_frame   0x00000000       0xa4 CMakeFiles/stm.elf.dir/Core/Src/MPU6050.c.obj
 .debug_frame   0x000000a4      0x1d4 CMakeFiles/stm.elf.dir/Core/Src/OLED.c.obj
 .debug_frame   0x00000278       0x88 CMakeFiles/stm.elf.dir/Core/Src/main.c.obj
 .debug_frame   0x00000300       0x60 CMakeFiles/stm.elf.dir/Core/Src/stm32f1xx_hal_msp.c.obj
 .debug_frame   0x00000360       0xa8 CMakeFiles/stm.elf.dir/Core/Src/stm32f1xx_it.c.obj
 .debug_frame   0x00000408       0x30 CMakeFiles/stm.elf.dir/Core/Src/system_stm32f1xx.c.obj
 .debug_frame   0x00000438      0x1cc CMakeFiles/stm.elf.dir/Drivers/STM32F1xx_HAL_Driver/Src/stm32f1xx_hal.c.obj
 .debug_frame   0x00000604      0x118 CMakeFiles/stm.elf.dir/Drivers/STM32F1xx_HAL_Driver/Src/stm32f1xx_hal_cortex.c.obj
 .debug_frame   0x0000071c       0xe4 CMakeFiles/stm.elf.dir/Drivers/STM32F1xx_HAL_Driver/Src/stm32f1xx_hal_gpio.c.obj
 .debug_frame   0x00000800      0x984 CMakeFiles/stm.elf.dir/Drivers/STM32F1xx_HAL_Driver/Src/stm32f1xx_hal_i2c.c.obj
 .debug_frame   0x00001184      0x184 CMakeFiles/stm.elf.dir/Drivers/STM32F1xx_HAL_Driver/Src/stm32f1xx_hal_rcc.c.obj
 .debug_frame   0x00001308       0x2c d:/myconfigure/gcc-arm-none-eabi/bin/../lib/gcc/arm-none-eabi/10.3.1/../../../../arm-none-eabi/lib/thumb/v7-m/nofp\libg.a(lib_a-init.o)
 .debug_frame   0x00001334       0x2c d:/myconfigure/gcc-arm-none-eabi/bin/../lib/gcc/arm-none-eabi/10.3.1/../../../../arm-none-eabi/lib/thumb/v7-m/nofp\libg.a(lib_a-memset.o)
 .debug_frame   0x00001360       0x5c d:/myconfigure/gcc-arm-none-eabi/bin/../lib/gcc/arm-none-eabi/10.3.1/../../../../arm-none-eabi/lib/thumb/v7-m/nofp\libg.a(lib_a-__call_atexit.o)
 .debug_frame   0x000013bc       0x20 d:/myconfigure/gcc-arm-none-eabi/bin/../lib/gcc/arm-none-eabi/10.3.1/../../../../arm-none-eabi/lib/thumb/v7-m/nofp\libg.a(lib_a-atexit.o)
 .debug_frame   0x000013dc       0x34 d:/myconfigure/gcc-arm-none-eabi/bin/../lib/gcc/arm-none-eabi/10.3.1/../../../../arm-none-eabi/lib/thumb/v7-m/nofp\libg.a(lib_a-fini.o)
 .debug_frame   0x00001410       0xb0 d:/myconfigure/gcc-arm-none-eabi/bin/../lib/gcc/arm-none-eabi/10.3.1/../../../../arm-none-eabi/lib/thumb/v7-m/nofp\libg.a(lib_a-lock.o)
 .debug_frame   0x000014c0       0x34 d:/myconfigure/gcc-arm-none-eabi/bin/../lib/gcc/arm-none-eabi/10.3.1/../../../../arm-none-eabi/lib/thumb/v7-m/nofp\libg.a(lib_a-__atexit.o)
